Component: ARM Compiler 5.06 update 6 (build 750) Tool: armlink [4d35ed]

==============================================================================

Section Cross References

    main.o(i.I2C0_IRQHandler) refers to main.o(i.sendString) for sendString
    main.o(i.I2C0_IRQHandler) refers to main.o(.data) for debug
    main.o(i.I2C0_IRQHandler) refers to main.o(.bss) for buforWrite
    main.o(i.I2C_enable) refers to main.o(i.__NVIC_EnableIRQ) for __NVIC_EnableIRQ
    main.o(i.I2C_transmit) refers to main.o(i.sendString) for sendString
    main.o(i.I2C_transmit) refers to main.o(.data) for readId
    main.o(i.SysTick_Handler) refers to main.o(.data) for ticks
    main.o(i.accelerometr_enable) refers to main.o(i.I2C_enable) for I2C_enable
    main.o(i.accelerometr_enable) refers to main.o(i.I2C_transmit) for I2C_transmit
    main.o(i.accelerometr_enable) refers to main.o(i.delayMS) for delayMS
    main.o(i.accelerometr_enable) refers to main.o(.data) for maxRead
    main.o(i.accelerometr_enable) refers to main.o(.bss) for buforWrite
    main.o(i.accelerometr_read) refers to main.o(i.I2C_transmit) for I2C_transmit
    main.o(i.accelerometr_read) refers to main.o(i.delayMS) for delayMS
    main.o(i.accelerometr_read) refers to dflt_clz.o(x$fpl$dfltu) for __aeabi_ui2d
    main.o(i.accelerometr_read) refers to dmul.o(x$fpl$dmul) for __aeabi_dmul
    main.o(i.accelerometr_read) refers to dfixu.o(x$fpl$dfixu) for __aeabi_d2uiz
    main.o(i.accelerometr_read) refers to main.o(.data) for maxRead
    main.o(i.accelerometr_read) refers to main.o(.bss) for buforRead
    main.o(i.configureRTC) refers to main.o(i.__NVIC_EnableIRQ) for __NVIC_EnableIRQ
    main.o(i.configureUART0) refers to pin_lpc17xx.o(i.PIN_Configure) for PIN_Configure
    main.o(i.delayMS) refers to main.o(.data) for ticks
    main.o(i.drawCubeFromCenter) refers to main.o(i.drawLine) for drawLine
    main.o(i.drawCubeFromCenter) refers to main.o(.data) for side
    main.o(i.drawGUI) refers to main.o(i.lcdCleanBackground) for lcdCleanBackground
    main.o(i.drawGUI) refers to main.o(i.drawLine) for drawLine
    main.o(i.drawGUI) refers to main.o(i.drawString) for drawString
    main.o(i.drawGUI) refers to main.o(i.drawCubeFromCenter) for drawCubeFromCenter
    main.o(i.drawGUI) refers to main.o(.data) for side
    main.o(i.drawGUI) refers to main.o(.bss) for xTab
    main.o(i.drawLetter) refers to asciilib.o(i.GetASCIICode) for GetASCIICode
    main.o(i.drawLetter) refers to open1768_lcd.o(i.lcdWriteReg) for lcdWriteReg
    main.o(i.drawLine) refers to open1768_lcd.o(i.lcdWriteReg) for lcdWriteReg
    main.o(i.drawString) refers to main.o(i.drawLetter) for drawLetter
    main.o(i.gameOver) refers to main.o(i.lcdCleanBackground) for lcdCleanBackground
    main.o(i.gameOver) refers to main.o(i.drawLine) for drawLine
    main.o(i.gameOver) refers to main.o(i.drawString) for drawString
    main.o(i.gameOver) refers to main.o(i.writeBestScores) for writeBestScores
    main.o(i.gameOver) refers to main.o(i.printScoresBoard) for printScoresBoard
    main.o(i.gameOver) refers to main.o(i.printScore) for printScore
    main.o(i.gameOver) refers to joystick_open1768.o(i.Joystick_GetState) for Joystick_GetState
    main.o(i.gameOver) refers to main.o(.data) for bestScoresSize
    main.o(i.gameOver) refers to main.o(.bss) for bestScores
    main.o(i.generateFood) refers to fflt_clz.o(x$fpl$ffltu) for __aeabi_ui2f
    main.o(i.generateFood) refers to f2d.o(x$fpl$f2d) for __aeabi_f2d
    main.o(i.generateFood) refers to ddiv.o(x$fpl$ddiv) for __aeabi_ddiv
    main.o(i.generateFood) refers to dmul.o(x$fpl$dmul) for __aeabi_dmul
    main.o(i.generateFood) refers to dfix.o(x$fpl$dfix) for __aeabi_d2iz
    main.o(i.generateFood) refers to main.o(i.drawCubeFromCenter) for drawCubeFromCenter
    main.o(i.generateFood) refers to main.o(i.delayMS) for delayMS
    main.o(i.generateFood) refers to main.o(.data) for randomTick
    main.o(i.generateFood) refers to main.o(.bss) for coloredTab
    main.o(i.lcdCleanBackground) refers to open1768_lcd.o(i.lcdWriteReg) for lcdWriteReg
    main.o(i.lcdCleanBackground) refers to open1768_lcd.o(i.lcdWriteIndex) for lcdWriteIndex
    main.o(i.lcdCleanBackground) refers to open1768_lcd.o(i.lcdWriteData) for lcdWriteData
    main.o(i.main) refers to main.o(i.configureUART0) for configureUART0
    main.o(i.main) refers to main.o(i.configureRTC) for configureRTC
    main.o(i.main) refers to buttons_open1768.o(i.Buttons_Initialize) for Buttons_Initialize
    main.o(i.main) refers to joystick_open1768.o(i.Joystick_Initialize) for Joystick_Initialize
    main.o(i.main) refers to open1768_lcd.o(i.lcdConfiguration) for lcdConfiguration
    main.o(i.main) refers to lcd_ili9325.o(i.init_ILI9325) for init_ILI9325
    main.o(i.main) refers to main.o(i.lcdCleanBackground) for lcdCleanBackground
    main.o(i.main) refers to main.o(i.drawString) for drawString
[...]
    startup_lpc17xx.o(.text) refers (Special) to heapauxi.o(.text) for __use_two_region_memory
    startup_lpc17xx.o(.text) refers to system_lpc17xx.o(i.SystemInit) for SystemInit
    startup_lpc17xx.o(.text) refers to __main.o(!!!main) for __main
    startup_lpc17xx.o(.text) refers to startup_lpc17xx.o(HEAP) for Heap_Mem
    startup_lpc17xx.o(.text) refers to startup_lpc17xx.o(STACK) for Stack_Mem
    system_lpc17xx.o(i.SystemCoreClockUpdate) refers to lludivv7m.o(.text) for __aeabi_uldivmod
    system_lpc17xx.o(i.SystemCoreClockUpdate) refers to system_lpc17xx.o(.data) for SystemCoreClock
    __2sprintf.o(.text) refers to _printf_char_common.o(.text) for _printf_char_common
    __2sprintf.o(.text) refers to _sputc.o(.text) for _sputc
    noretval__2sprintf.o(.text) refers to _printf_char_common.o(.text) for _printf_char_common
    noretval__2sprintf.o(.text) refers to _sputc.o(.text) for _sputc
    __printf.o(.text) refers to _printf_percent.o(.ARM.Collect$$_printf_percent$$00000000) for _printf_percent
    _printf_dec.o(.text) refers to _printf_intcommon.o(.text) for _printf_int_common
    __printf_flags.o(.text) refers to _printf_percent.o(.ARM.Collect$$_printf_percent$$00000000) for _printf_percent
    __printf_flags.o(.text) refers to __printf_flags.o(.constdata) for .constdata
    __printf_ss.o(.text) refers to _printf_percent.o(.ARM.Collect$$_printf_percent$$00000000) for _printf_percent
    __printf_flags_ss.o(.text) refers to _printf_percent.o(.ARM.Collect$$_printf_percent$$00000000) for _printf_percent
    __printf_flags_ss.o(.text) refers to __printf_flags_ss.o(.constdata) for .constdata
    __printf_wp.o(.text) refers to __printf_wp.o(i._is_digit) for _is_digit
    __printf_wp.o(.text) refers to _printf_percent.o(.ARM.Collect$$_printf_percent$$00000000) for _printf_percent
    __printf_flags_wp.o(.text) refers to __printf_wp.o(i._is_digit) for _is_digit
    __printf_flags_wp.o(.text) refers to _printf_percent.o(.ARM.Collect$$_printf_percent$$00000000) for _printf_percent
    __printf_flags_wp.o(.text) refers to __printf_flags_wp.o(.constdata) for .constdata
    __printf_ss_wp.o(.text) refers to __printf_wp.o(i._is_digit) for _is_digit
    __printf_ss_wp.o(.text) refers to _printf_percent.o(.ARM.Collect$$_printf_percent$$00000000) for _printf_percent
    __printf_flags_ss_wp.o(.text) refers to __printf_wp.o(i._is_digit) for _is_digit
    __printf_flags_ss_wp.o(.text) refers to _printf_percent.o(.ARM.Collect$$_printf_percent$$00000000) for _printf_percent
    __printf_flags_ss_wp.o(.text) refers to __printf_flags_ss_wp.o(.constdata) for .constdata
    _printf_d.o(.ARM.Collect$$_printf_percent$$00000009) refers (Weak) to _printf_dec.o(.text) for _printf_int_dec
    _printf_percent.o(.ARM.Collect$$_printf_percent$$00000000) refers (Special) to _printf_percent_end.o(.ARM.Collect$$_printf_percent$$00000017) for _printf_percent_end
    rt_memcpy_v6.o(.text) refers to rt_memcpy_w.o(.text) for __aeabi_memcpy4
    __main.o(!!!main) refers to __rtentry.o(.ARM.Collect$$rtentry$$00000000) for __rt_entry
    ddiv.o(x$fpl$drdiv) refers (Special) to usenofp.o(x$fpl$usenofp) for __I$use$fp
    ddiv.o(x$fpl$drdiv) refers to ddiv.o(x$fpl$ddiv) for ddiv_entry
    ddiv.o(x$fpl$ddiv) refers (Special) to usenofp.o(x$fpl$usenofp) for __I$use$fp
    ddiv.o(x$fpl$ddiv) refers to dretinf.o(x$fpl$dretinf) for __fpl_dretinf
    ddiv.o(x$fpl$ddiv) refers to dnaninf.o(x$fpl$dnaninf) for __fpl_dnaninf
    dfix.o(x$fpl$dfix) refers (Special) to usenofp.o(x$fpl$usenofp) for __I$use$fp
    dfix.o(x$fpl$dfix) refers to dnaninf.o(x$fpl$dnaninf) for __fpl_dnaninf
    dfix.o(x$fpl$dfixr) refers (Special) to usenofp.o(x$fpl$usenofp) for __I$use$fp
    dfix.o(x$fpl$dfixr) refers to dnaninf.o(x$fpl$dnaninf) for __fpl_dnaninf
    dfixu.o(x$fpl$dfixu) refers (Special) to usenofp.o(x$fpl$usenofp) for __I$use$fp
    dfixu.o(x$fpl$dfixu) refers to dnaninf.o(x$fpl$dnaninf) for __fpl_dnaninf
    dfixu.o(x$fpl$dfixur) refers (Special) to usenofp.o(x$fpl$usenofp) for __I$use$fp
    dfixu.o(x$fpl$dfixur) refers to dnaninf.o(x$fpl$dnaninf) for __fpl_dnaninf
    dflt_clz.o(x$fpl$dfltu) refers (Special) to usenofp.o(x$fpl$usenofp) for __I$use$fp
    dflt_clz.o(x$fpl$dflt) refers (Special) to usenofp.o(x$fpl$usenofp) for __I$use$fp
    dflt_clz.o(x$fpl$dfltn) refers (Special) to usenofp.o(x$fpl$usenofp) for __I$use$fp
    dmul.o(x$fpl$dmul) refers (Special) to usenofp.o(x$fpl$usenofp) for __I$use$fp
    dmul.o(x$fpl$dmul) refers to dretinf.o(x$fpl$dretinf) for __fpl_dretinf
    dmul.o(x$fpl$dmul) refers to dnaninf.o(x$fpl$dnaninf) for __fpl_dnaninf
    f2d.o(x$fpl$f2d) refers (Special) to usenofp.o(x$fpl$usenofp) for __I$use$fp
    f2d.o(x$fpl$f2d) refers to fnaninf.o(x$fpl$fnaninf) for __fpl_fnaninf
    f2d.o(x$fpl$f2d) refers to dretinf.o(x$fpl$dretinf) for __fpl_dretinf
    fflt_clz.o(x$fpl$ffltu) refers (Special) to usenofp.o(x$fpl$usenofp) for __I$use$fp
    fflt_clz.o(x$fpl$fflt) refers (Special) to usenofp.o(x$fpl$usenofp) for __I$use$fp
    fflt_clz.o(x$fpl$ffltn) refers (Special) to usenofp.o(x$fpl$usenofp) for __I$use$fp
    __rtentry.o(.ARM.Collect$$rtentry$$00000000) refers (Special) to __rtentry2.o(.ARM.Collect$$rtentry$$0000000A) for __rt_entry_li
    __rtentry.o(.ARM.Collect$$rtentry$$00000000) refers (Special) to __rtentry2.o(.ARM.Collect$$rtentry$$0000000D) for __rt_entry_main
    __rtentry.o(.ARM.Collect$$rtentry$$00000000) refers (Special) to __rtentry2.o(.ARM.Collect$$rtentry$$0000000C) for __rt_entry_postli_1
    __rtentry.o(.ARM.Collect$$rtentry$$00000000) refers (Special) to __rtentry2.o(.ARM.Collect$$rtentry$$00000009) for __rt_entry_postsh_1
    __rtentry.o(.ARM.Collect$$rtentry$$00000000) refers (Special) to __rtentry2.o(.ARM.Collect$$rtentry$$00000002) for __rt_entry_presh_1
    __rtentry.o(.ARM.Collect$$rtentry$$00000000) refers (Special) to __rtentry4.o(.ARM.Collect$$rtentry$$00000004) for __rt_entry_sh
    aeabi_ldiv0_sigfpe.o(.text) refers to rt_div0.o(.text) for __rt_div0
    _printf_char_common.o(.text) refers to __printf.o(.text) for __printf
    dnaninf.o(x$fpl$dnaninf) refers (Special) to usenofp.o(x$fpl$usenofp) for __I$use$fp
    dretinf.o(x$fpl$dretinf) refers (Special) to usenofp.o(x$fpl$usenofp) for __I$use$fp
    fnaninf.o(x$fpl$fnaninf) refers (Special) to usenofp.o(x$fpl$usenofp) for __I$use$fp
    __rtentry2.o(.ARM.Collect$$rtentry$$00000008) refers to boardinit2.o(.text) for _platform_post_stackheap_init
    __rtentry2.o(.ARM.Collect$$rtentry$$0000000A) refers to libinit.o(.ARM.Collect$$libinit$$00000000) for __rt_lib_init
    __rtentry2.o(.ARM.Collect$$rtentry$$0000000B) refers to boardinit3.o(.text) for _platform_post_lib_init
    __rtentry2.o(.ARM.Collect$$rtentry$$0000000D) refers to main.o(i.main) for main
    __rtentry2.o(.ARM.Collect$$rtentry$$0000000D) refers to exit.o(.text) for exit
    __rtentry2.o(.ARM.exidx) refers to __rtentry2.o(.ARM.Collect$$rtentry$$00000001) for .ARM.Collect$$rtentry$$00000001
    __rtentry2.o(.ARM.exidx) refers to __rtentry2.o(.ARM.Collect$$rtentry$$00000008) for .ARM.Collect$$rtentry$$00000008
    __rtentry2.o(.ARM.exidx) refers to __rtentry2.o(.ARM.Collect$$rtentry$$0000000A) for .ARM.Collect$$rtentry$$0000000A
    __rtentry2.o(.ARM.exidx) refers to __rtentry2.o(.ARM.Collect$$rtentry$$0000000B) for .ARM.Collect$$rtentry$$0000000B
    __rtentry2.o(.ARM.exidx) refers to __rtentry2.o(.ARM.Collect$$rtentry$$0000000D) for .ARM.Collect$$rtentry$$0000000D
    __rtentry4.o(.ARM.Collect$$rtentry$$00000004) refers to sys_stackheap_outer.o(.text) for __user_setup_stackheap
    __rtentry4.o(.ARM.exidx) refers to __rtentry4.o(.ARM.Collect$$rtentry$$00000004) for .ARM.Collect$$rtentry$$00000004
    rt_div0.o(.text) refers to defsig_fpe_outer.o(.text) for __rt_SIGFPE
    sys_stackheap_outer.o(.text) refers to libspace.o(.text) for __user_perproc_libspace
    sys_stackheap_outer.o(.text) refers to startup_lpc17xx.o(.text) for __user_initial_stackheap
    exit.o(.text) refers to rtexit.o(.ARM.Collect$$rtexit$$00000000) for __rt_exit
    defsig_fpe_outer.o(.text) refers to defsig_fpe_inner.o(.text) for __rt_SIGFPE_inner
    defsig_fpe_outer.o(.text) refers to defsig_exit.o(.text) for __sig_exit
    defsig_fpe_formal.o(.text) refers to rt_raise.o(.text) for __rt_raise
    libinit.o(.ARM.Collect$$libinit$$00000000) refers (Special) to libinit2.o(.ARM.Collect$$libinit$$0000002E) for __rt_lib_init_alloca_1
    libinit.o(.ARM.Collect$$libinit$$00000000) refers (Special) to libinit2.o(.ARM.Collect$$libinit$$0000002C) for __rt_lib_init_argv_1
    libinit.o(.ARM.Collect$$libinit$$00000000) refers (Special) to libinit2.o(.ARM.Collect$$libinit$$0000001B) for __rt_lib_init_atexit_1
    libinit.o(.ARM.Collect$$libinit$$00000000) refers (Special) to libinit2.o(.ARM.Collect$$libinit$$00000021) for __rt_lib_init_clock_1
    libinit.o(.ARM.Collect$$libinit$$00000000) refers (Special) to libinit2.o(.ARM.Collect$$libinit$$00000032) for __rt_lib_init_cpp_1
    libinit.o(.ARM.Collect$$libinit$$00000000) refers (Special) to libinit2.o(.ARM.Collect$$libinit$$00000030) for __rt_lib_init_exceptions_1
    libinit.o(.ARM.Collect$$libinit$$00000000) refers (Special) to libinit2.o(.ARM.Collect$$libinit$$00000002) for __rt_lib_init_fp_1
    libinit.o(.ARM.Collect$$libinit$$00000000) refers (Special) to libinit2.o(.ARM.Collect$$libinit$$0000001F) for __rt_lib_init_fp_trap_1
    libinit.o(.ARM.Collect$$libinit$$00000000) refers (Special) to libinit2.o(.ARM.Collect$$libinit$$00000023) for __rt_lib_init_getenv_1
    libinit.o(.ARM.Collect$$libinit$$00000000) refers (Special) to libinit2.o(.ARM.Collect$$libinit$$0000000A) for __rt_lib_init_heap_1
    libinit.o(.ARM.Collect$$libinit$$00000000) refers (Special) to libinit2.o(.ARM.Collect$$libinit$$00000011) for __rt_lib_init_lc_collate_1
    libinit.o(.ARM.Collect$$libinit$$00000000) refers (Special) to libinit2.o(.ARM.Collect$$libinit$$00000013) for __rt_lib_init_lc_ctype_1
    libinit.o(.ARM.Collect$$libinit$$00000000) refers (Special) to libinit2.o(.ARM.Collect$$libinit$$00000015) for __rt_lib_init_lc_monetary_1
    libinit.o(.ARM.Collect$$libinit$$00000000) refers (Special) to libinit2.o(.ARM.Collect$$libinit$$00000017) for __rt_lib_init_lc_numeric_1
    libinit.o(.ARM.Collect$$libinit$$00000000) refers (Special) to libinit2.o(.ARM.Collect$$libinit$$00000019) for __rt_lib_init_lc_time_1
    libinit.o(.ARM.Collect$$libinit$$00000000) refers (Special) to libinit2.o(.ARM.Collect$$libinit$$00000004) for __rt_lib_init_preinit_1
    libinit.o(.ARM.Collect$$libinit$$00000000) refers (Special) to libinit2.o(.ARM.Collect$$libinit$$0000000E) for __rt_lib_init_rand_1
    libinit.o(.ARM.Collect$$libinit$$00000000) refers (Special) to libinit2.o(.ARM.Collect$$libinit$$00000033) for __rt_lib_init_return
    libinit.o(.ARM.Collect$$libinit$$00000000) refers (Special) to libinit2.o(.ARM.Collect$$libinit$$0000001D) for __rt_lib_init_signal_1
    libinit.o(.ARM.Collect$$libinit$$00000000) refers (Special) to libinit2.o(.ARM.Collect$$libinit$$00000025) for __rt_lib_init_stdio_1
    libinit.o(.ARM.Collect$$libinit$$00000000) refers (Special) to libinit2.o(.ARM.Collect$$libinit$$0000000C) for __rt_lib_init_user_alloc_1
    libspace.o(.text) refers to libspace.o(.bss) for __libspace_start
    rtexit.o(.ARM.Collect$$rtexit$$00000000) refers (Special) to rtexit2.o(.ARM.Collect$$rtexit$$00000004) for __rt_exit_exit
    rtexit.o(.ARM.Collect$$rtexit$$00000000) refers (Special) to rtexit2.o(.ARM.Collect$$rtexit$$00000003) for __rt_exit_ls
    rtexit.o(.ARM.Collect$$rtexit$$00000000) refers (Special) to rtexit2.o(.ARM.Collect$$rtexit$$00000002) for __rt_exit_prels_1
    rtexit.o(.ARM.exidx) refers (Special) to rtexit2.o(.ARM.Collect$$rtexit$$00000004) for __rt_exit_exit
    rtexit.o(.ARM.exidx) refers (Special) to rtexit2.o(.ARM.Collect$$rtexit$$00000003) for __rt_exit_ls
    rtexit.o(.ARM.exidx) refers (Special) to rtexit2.o(.ARM.Collect$$rtexit$$00000002) for __rt_exit_prels_1
    rtexit.o(.ARM.exidx) refers to rtexit.o(.ARM.Collect$$rtexit$$00000000) for .ARM.Collect$$rtexit$$00000000
    rt_raise.o(.text) refers to __raise.o(.text) for __raise
    rt_raise.o(.text) refers to sys_exit.o(.text) for _sys_exit
    defsig_exit.o(.text) refers to sys_exit.o(.text) for _sys_exit
    defsig_fpe_inner.o(.text) refers to defsig_general.o(.text) for __default_signal_display
    libinit2.o(.ARM.Collect$$libinit$$00000010) refers to libinit2.o(.ARM.Collect$$libinit$$0000000F) for .ARM.Collect$$libinit$$0000000F
    libinit2.o(.ARM.Collect$$libinit$$00000012) refers to libinit2.o(.ARM.Collect$$libinit$$0000000F) for .ARM.Collect$$libinit$$0000000F
    libinit2.o(.ARM.Collect$$libinit$$00000014) refers to libinit2.o(.ARM.Collect$$libinit$$0000000F) for .ARM.Collect$$libinit$$0000000F
    libinit2.o(.ARM.Collect$$libinit$$00000016) refers to libinit2.o(.ARM.Collect$$libinit$$0000000F) for .ARM.Collect$$libinit$$0000000F
    libinit2.o(.ARM.Collect$$libinit$$00000018) refers to libinit2.o(.ARM.Collect$$libinit$$0000000F) for .ARM.Collect$$libinit$$0000000F
    libinit2.o(.ARM.Collect$$libinit$$00000026) refers to argv_veneer.o(.emb_text) for __ARM_argv_veneer
    libinit2.o(.ARM.Collect$$libinit$$00000027) refers to argv_veneer.o(.emb_text) for __ARM_argv_veneer
    sys_exit.o(.text) refers (Special) to use_no_semi.o(.text) for __I$use$semihosting
    sys_exit.o(.text) refers (Special) to indicate_semi.o(.text) for __semihosting_library_function
    rtexit2.o(.ARM.Collect$$rtexit$$00000003) refers to libshutdown.o(.ARM.Collect$$libshutdown$$00000000) for __rt_lib_shutdown
    rtexit2.o(.ARM.Collect$$rtexit$$00000004) refers to sys_exit.o(.text) for _sys_exit
    rtexit2.o(.ARM.exidx) refers to rtexit2.o(.ARM.Collect$$rtexit$$00000001) for .ARM.Collect$$rtexit$$00000001
    rtexit2.o(.ARM.exidx) refers to rtexit2.o(.ARM.Collect$$rtexit$$00000003) for .ARM.Collect$$rtexit$$00000003
    rtexit2.o(.ARM.exidx) refers to rtexit2.o(.ARM.Collect$$rtexit$$00000004) for .ARM.Collect$$rtexit$$00000004
    __raise.o(.text) refers to defsig.o(CL$$defsig) for __default_signal_handler
    defsig_general.o(.text) refers to sys_wrch.o(.text) for _ttywrch
    argv_veneer.o(.emb_text) refers to no_argv.o(.text) for __ARM_get_argv
    sys_wrch.o(.text) refers (Special) to use_no_semi.o(.text) for __I$use$semihosting
    sys_wrch.o(.text) refers (Special) to indicate_semi.o(.text) for __semihosting_library_function
    defsig.o(CL$$defsig) refers to defsig_fpe_inner.o(.text) for __rt_SIGFPE_inner
    defsig.o(CL$$defsig) refers to defsig_rtmem_inner.o(.text) for __rt_SIGRTMEM_inner
    _get_argv_nomalloc.o(.text) refers (Special) to hrguard.o(.text) for __heap_region$guard
    _get_argv_nomalloc.o(.text) refers to defsig_rtmem_outer.o(.text) for __rt_SIGRTMEM
    _get_argv_nomalloc.o(.text) refers to sys_command.o(.text) for _sys_command_string
    libshutdown.o(.ARM.Collect$$libshutdown$$00000000) refers (Special) to libshutdown2.o(.ARM.Collect$$libshutdown$$00000002) for __rt_lib_shutdown_cpp_1
    libshutdown.o(.ARM.Collect$$libshutdown$$00000000) refers (Special) to libshutdown2.o(.ARM.Collect$$libshutdown$$00000007) for __rt_lib_shutdown_fp_trap_1
    libshutdown.o(.ARM.Collect$$libshutdown$$00000000) refers (Special) to libshutdown2.o(.ARM.Collect$$libshutdown$$0000000F) for __rt_lib_shutdown_heap_1
    libshutdown.o(.ARM.Collect$$libshutdown$$00000000) refers (Special) to libshutdown2.o(.ARM.Collect$$libshutdown$$00000010) for __rt_lib_shutdown_return
    libshutdown.o(.ARM.Collect$$libshutdown$$00000000) refers (Special) to libshutdown2.o(.ARM.Collect$$libshutdown$$0000000A) for __rt_lib_shutdown_signal_1
    libshutdown.o(.ARM.Collect$$libshutdown$$00000000) refers (Special) to libshutdown2.o(.ARM.Collect$$libshutdown$$00000004) for __rt_lib_shutdown_stdio_1
    libshutdown.o(.ARM.Collect$$libshutdown$$00000000) refers (Special) to libshutdown2.o(.ARM.Collect$$libshutdown$$0000000C) for __rt_lib_shutdown_user_alloc_1
    sys_command.o(.text) refers (Special) to use_no_semi.o(.text) for __I$use$semihosting
    sys_command.o(.text) refers (Special) to indicate_semi.o(.text) for __semihosting_library_function
    defsig_abrt_inner.o(.text) refers to defsig_general.o(.text) for __default_signal_display
    defsig_rtred_inner.o(.text) refers to defsig_general.o(.text) for __default_signal_display
    defsig_rtmem_inner.o(.text) refers to defsig_general.o(.text) for __default_signal_display
    defsig_rtmem_outer.o(.text) refers to defsig_rtmem_inner.o(.text) for __rt_SIGRTMEM_inner
    defsig_rtmem_outer.o(.text) refers to defsig_exit.o(.text) for __sig_exit
    defsig_rtmem_formal.o(.text) refers to rt_raise.o(.text) for __rt_raise
    defsig_stak_inner.o(.text) refers to defsig_general.o(.text) for __default_signal_display
    defsig_pvfn_inner.o(.text) refers to defsig_general.o(.text) for __default_signal_display
    defsig_cppl_inner.o(.text) refers to defsig_general.o(.text) for __default_signal_display
    defsig_segv_inner.o(.text) refers to defsig_general.o(.text) for __default_signal_display
    defsig_other.o(.text) refers to defsig_general.o(.text) for __default_signal_display


==============================================================================

Removing Unused input sections from the image.

    Removing main.o(.rev16_text), (4 bytes).
    Removing main.o(.revsh_text), (4 bytes).
    Removing main.o(.rrx_text), (6 bytes).
    Removing main.o(i.bubbleSort), (68 bytes).
    Removing main.o(i.sendIntString), (48 bytes).
    Removing open1768_lcd.o(.rev16_text), (4 bytes).
    Removing open1768_lcd.o(.revsh_text), (4 bytes).
    Removing open1768_lcd.o(.rrx_text), (6 bytes).
    Removing open1768_lcd.o(i.lcdRead), (76 bytes).
    Removing open1768_lcd.o(i.lcdReadData), (56 bytes).
    Removing open1768_lcd.o(i.lcdReadReg), (20 bytes).
    Removing open1768_lcd.o(i.lcdSetCursor), (24 bytes).
    Removing lcd_ili9325.o(.rev16_text), (4 bytes).
    Removing lcd_ili9325.o(.revsh_text), (4 bytes).
    Removing lcd_ili9325.o(.rrx_text), (6 bytes).
    Removing led_open1768.o(.rev16_text), (4 bytes).
    Removing led_open1768.o(.revsh_text), (4 bytes).
    Removing led_open1768.o(.rrx_text), (6 bytes).
    Removing led_open1768.o(i.LED_GetCount), (4 bytes).
    Removing led_open1768.o(i.LED_Initialize), (92 bytes).
    Removing led_open1768.o(i.LED_Off), (44 bytes).
    Removing led_open1768.o(i.LED_On), (44 bytes).
    Removing led_open1768.o(i.LED_SetOut), (40 bytes).
    Removing led_open1768.o(i.LED_Uninitialize), (48 bytes).
    Removing led_open1768.o(.constdata), (8 bytes).
    Removing buttons_open1768.o(.rev16_text), (4 bytes).
    Removing buttons_open1768.o(.revsh_text), (4 bytes).
    Removing buttons_open1768.o(.rrx_text), (6 bytes).
    Removing buttons_open1768.o(i.Buttons_GetCount), (4 bytes).
    Removing buttons_open1768.o(i.Buttons_GetState), (48 bytes).
    Removing buttons_open1768.o(i.Buttons_Uninitialize), (48 bytes).
    Removing joystick_open1768.o(.rev16_text), (4 bytes).
    Removing joystick_open1768.o(.revsh_text), (4 bytes).
    Removing joystick_open1768.o(.rrx_text), (6 bytes).
    Removing joystick_open1768.o(i.Joystick_Uninitialize), (48 bytes).
    Removing gpio_lpc17xx.o(.rev16_text), (4 bytes).
    Removing gpio_lpc17xx.o(.revsh_text), (4 bytes).
    Removing gpio_lpc17xx.o(.rrx_text), (6 bytes).
    Removing gpio_lpc17xx.o(i.GPIO_PinWrite), (40 bytes).
    Removing gpio_lpc17xx.o(i.GPIO_PortRead), (20 bytes).
    Removing gpio_lpc17xx.o(i.GPIO_PortWrite), (32 bytes).
    Removing pin_lpc17xx.o(.rev16_text), (4 bytes).
    Removing pin_lpc17xx.o(.revsh_text), (4 bytes).
    Removing pin_lpc17xx.o(.rrx_text), (6 bytes).
    Removing pin_lpc17xx.o(i.PIN_ConfigureI2C0Pins), (32 bytes).
    Removing pin_lpc17xx.o(i.PIN_ConfigureTPIU), (40 bytes).
    Removing system_lpc17xx.o(.rev16_text), (4 bytes).
    Removing system_lpc17xx.o(.revsh_text), (4 bytes).
    Removing system_lpc17xx.o(.rrx_text), (6 bytes).
    Removing system_lpc17xx.o(i.SystemCoreClockUpdate), (424 bytes).

50 unused section(s) (total 1434 bytes) removed from the image.

==============================================================================

Image Symbol Table

    Local Symbols

    Symbol Name                              Value     Ov Type        Size  Object(Section)

    RESET                                    0x00000000   Section      204  startup_lpc17xx.o(RESET)
    ../clib/angel/boardlib.s                 0x00000000   Number         0  boardinit1.o ABSOLUTE
    ../clib/angel/boardlib.s                 0x00000000   Number         0  boardinit2.o ABSOLUTE
    ../clib/angel/boardlib.s                 0x00000000   Number         0  boardshut.o ABSOLUTE
    ../clib/angel/boardlib.s                 0x00000000   Number         0  boardinit3.o ABSOLUTE
    ../clib/angel/dczerorl.s                 0x00000000   Number         0  __dczerorl.o ABSOLUTE
    ../clib/angel/handlers.s                 0x00000000   Number         0  __scatter_zi.o ABSOLUTE
    ../clib/angel/kernel.s                   0x00000000   Number         0  __rtentry.o ABSOLUTE
    ../clib/angel/kernel.s                   0x00000000   Number         0  rtexit2.o ABSOLUTE
    ../clib/angel/kernel.s                   0x00000000   Number         0  __rtentry4.o ABSOLUTE
    ../clib/angel/kernel.s                   0x00000000   Number         0  __rtentry2.o ABSOLUTE
    ../clib/angel/kernel.s                   0x00000000   Number         0  rtexit.o ABSOLUTE
    ../clib/angel/rt.s                       0x00000000   Number         0  aeabi_ldiv0_sigfpe.o ABSOLUTE
    ../clib/angel/rt.s                       0x00000000   Number         0  aeabi_ldiv0.o ABSOLUTE
    ../clib/angel/rt.s                       0x00000000   Number         0  rt_raise.o ABSOLUTE
    ../clib/angel/rt.s                       0x00000000   Number         0  rt_div0.o ABSOLUTE
    ../clib/angel/scatter.s                  0x00000000   Number         0  __scatter.o ABSOLUTE
    ../clib/angel/startup.s                  0x00000000   Number         0  __main.o ABSOLUTE
    ../clib/angel/sys.s                      0x00000000   Number         0  indicate_semi.o ABSOLUTE
    ../clib/angel/sys.s                      0x00000000   Number         0  use_no_semi.o ABSOLUTE
    ../clib/angel/sys.s                      0x00000000   Number         0  libspace.o ABSOLUTE
    ../clib/angel/sys.s                      0x00000000   Number         0  sys_stackheap_outer.o ABSOLUTE
    ../clib/angel/sysapp.c                   0x00000000   Number         0  sys_wrch.o ABSOLUTE
    ../clib/angel/sysapp.c                   0x00000000   Number         0  sys_exit.o ABSOLUTE
    ../clib/angel/sysapp.c                   0x00000000   Number         0  sys_command.o ABSOLUTE
    ../clib/armsys.c                         0x00000000   Number         0  no_argv.o ABSOLUTE
    ../clib/armsys.c                         0x00000000   Number         0  _get_argv_nomalloc.o ABSOLUTE
    ../clib/armsys.c                         0x00000000   Number         0  argv_veneer.o ABSOLUTE
    ../clib/armsys.c                         0x00000000   Number         0  argv_veneer.o ABSOLUTE
    ../clib/heapalloc.c                      0x00000000   Number         0  hrguard.o ABSOLUTE
    ../clib/heapaux.c                        0x00000000   Number         0  heapauxi.o ABSOLUTE
    ../clib/libinit.s                        0x00000000   Number         0  libinit.o ABSOLUTE
    ../clib/libinit.s                        0x00000000   Number         0  libinit2.o ABSOLUTE
    ../clib/libinit.s                        0x00000000   Number         0  libshutdown2.o ABSOLUTE
    ../clib/libinit.s                        0x00000000   Number         0  libshutdown.o ABSOLUTE
    ../clib/longlong.s                       0x00000000   Number         0  lludivv7m.o ABSOLUTE
    ../clib/memcpset.s                       0x00000000   Number         0  rt_memcpy_w.o ABSOLUTE
    ../clib/memcpset.s                       0x00000000   Number         0  rt_memcpy_v6.o ABSOLUTE
    ../clib/printf.c                         0x00000000   Number         0  __printf_flags_ss_wp.o ABSOLUTE
    ../clib/printf.c                         0x00000000   Number         0  _sputc.o ABSOLUTE
    ../clib/printf.c                         0x00000000   Number         0  __printf_flags_ss.o ABSOLUTE
    ../clib/printf.c                         0x00000000   Number         0  __printf_nopercent.o ABSOLUTE
    ../clib/printf.c                         0x00000000   Number         0  _printf_char_common.o ABSOLUTE
    ../clib/printf.c                         0x00000000   Number         0  _printf_intcommon.o ABSOLUTE
    ../clib/printf.c                         0x00000000   Number         0  __2sprintf.o ABSOLUTE
    ../clib/printf.c                         0x00000000   Number         0  noretval__2sprintf.o ABSOLUTE
    ../clib/printf.c                         0x00000000   Number         0  __printf.o ABSOLUTE
    ../clib/printf.c                         0x00000000   Number         0  _printf_dec.o ABSOLUTE
    ../clib/printf.c                         0x00000000   Number         0  __printf_flags.o ABSOLUTE
    ../clib/printf.c                         0x00000000   Number         0  __printf_ss.o ABSOLUTE
    ../clib/printf.c                         0x00000000   Number         0  __printf_wp.o ABSOLUTE
    ../clib/printf.c                         0x00000000   Number         0  __printf_flags_wp.o ABSOLUTE
    ../clib/printf.c                         0x00000000   Number         0  __printf_ss_wp.o ABSOLUTE
    ../clib/printf_percent.s                 0x00000000   Number         0  _printf_percent_end.o ABSOLUTE
    ../clib/printf_percent.s                 0x00000000   Number         0  _printf_percent.o ABSOLUTE
    ../clib/printf_percent.s                 0x00000000   Number         0  _printf_d.o ABSOLUTE
    ../clib/signal.c                         0x00000000   Number         0  defsig_fpe_inner.o ABSOLUTE
    ../clib/signal.c                         0x00000000   Number         0  defsig_rtred_inner.o ABSOLUTE
    ../clib/signal.c                         0x00000000   Number         0  defsig_fpe_formal.o ABSOLUTE
    ../clib/signal.c                         0x00000000   Number         0  defsig_fpe_outer.o ABSOLUTE
    ../clib/signal.c                         0x00000000   Number         0  defsig_abrt_inner.o ABSOLUTE
    ../clib/signal.c                         0x00000000   Number         0  defsig_exit.o ABSOLUTE
    ../clib/signal.c                         0x00000000   Number         0  defsig_rtmem_formal.o ABSOLUTE
    ../clib/signal.c                         0x00000000   Number         0  defsig_stak_inner.o ABSOLUTE
    ../clib/signal.c                         0x00000000   Number         0  defsig_other.o ABSOLUTE
    ../clib/signal.c                         0x00000000   Number         0  defsig_segv_inner.o ABSOLUTE
    ../clib/signal.c                         0x00000000   Number         0  defsig_cppl_inner.o ABSOLUTE
    ../clib/signal.c                         0x00000000   Number         0  defsig_pvfn_inner.o ABSOLUTE
    ../clib/signal.c                         0x00000000   Number         0  __raise.o ABSOLUTE
    ../clib/signal.c                         0x00000000   Number         0  defsig_rtmem_outer.o ABSOLUTE
    ../clib/signal.c                         0x00000000   Number         0  defsig_general.o ABSOLUTE
    ../clib/signal.c                         0x00000000   Number         0  defsig_rtmem_inner.o ABSOLUTE
    ../clib/signal.s                         0x00000000   Number         0  defsig.o ABSOLUTE
    ../clib/stdlib.c                         0x00000000   Number         0  exit.o ABSOLUTE
    ../fplib/ddiv.s                          0x00000000   Number         0  ddiv.o ABSOLUTE
    ../fplib/dfix.s                          0x00000000   Number         0  dfix.o ABSOLUTE
    ../fplib/dfixu.s                         0x00000000   Number         0  dfixu.o ABSOLUTE
    ../fplib/dflt.s                          0x00000000   Number         0  dflt_clz.o ABSOLUTE
    ../fplib/dmul.s                          0x00000000   Number         0  dmul.o ABSOLUTE
    ../fplib/dnaninf.s                       0x00000000   Number         0  dnaninf.o ABSOLUTE
    ../fplib/dretinf.s                       0x00000000   Number         0  dretinf.o ABSOLUTE
    ../fplib/f2d.s                           0x00000000   Number         0  f2d.o ABSOLUTE
    ../fplib/fflt.s                          0x00000000   Number         0  fflt_clz.o ABSOLUTE
    ../fplib/fnaninf.s                       0x00000000   Number         0  fnaninf.o ABSOLUTE
    ../fplib/fpinit.s                        0x00000000   Number         0  fpinit.o ABSOLUTE
    ../fplib/usenofp.s                       0x00000000   Number         0  usenofp.o ABSOLUTE
    C:\Keil_v5\ARM\PACK\Keil\LPC1700_DFP\2.6.1\Boards\Waveshare\Open1768\Common\Buttons_Open1768.c 0x00000000   Number         0  buttons_open1768.o ABSOLUTE
    C:\Keil_v5\ARM\PACK\Keil\LPC1700_DFP\2.6.1\Boards\Waveshare\Open1768\Common\Joystick_Open1768.c 0x00000000   Number         0  joystick_open1768.o ABSOLUTE
    C:\Keil_v5\ARM\PACK\Keil\LPC1700_DFP\2.6.1\Boards\Waveshare\Open1768\Common\LED_Open1768.c 0x00000000   Number         0  led_open1768.o ABSOLUTE
    C:\Keil_v5\ARM\PACK\Keil\LPC1700_DFP\2.6.1\RTE_Driver\GPIO_LPC17xx.c 0x00000000   Number         0  gpio_lpc17xx.o ABSOLUTE
    C:\Keil_v5\ARM\PACK\Keil\LPC1700_DFP\2.6.1\RTE_Driver\PIN_LPC17xx.c 0x00000000   Number         0  pin_lpc17xx.o ABSOLUTE
    C:\\Keil_v5\\ARM\\PACK\\Keil\\LPC1700_DFP\\2.6.1\\Boards\\Waveshare\\Open1768\\Common\\Buttons_Open1768.c 0x00000000   Number         0  buttons_open1768.o ABSOLUTE
    C:\\Keil_v5\\ARM\\PACK\\Keil\\LPC1700_DFP\\2.6.1\\Boards\\Waveshare\\Open1768\\Common\\Joystick_Open1768.c 0x00000000   Number         0  joystick_open1768.o ABSOLUTE
    C:\\Keil_v5\\ARM\\PACK\\Keil\\LPC1700_DFP\\2.6.1\\Boards\\Waveshare\\Open1768\\Common\\LED_Open1768.c 0x00000000   Number         0  led_open1768.o ABSOLUTE
    C:\\Keil_v5\\ARM\\PACK\\Keil\\LPC1700_DFP\\2.6.1\\RTE_Driver\\GPIO_LPC17xx.c 0x00000000   Number         0  gpio_lpc17xx.o ABSOLUTE
    C:\\Keil_v5\\ARM\\PACK\\Keil\\LPC1700_DFP\\2.6.1\\RTE_Driver\\PIN_LPC17xx.c 0x00000000   Number         0  pin_lpc17xx.o ABSOLUTE
    LCD_ILI9325.c                            0x00000000   Number         0  lcd_ili9325.o ABSOLUTE
    LCD_ILI9325.c                            0x00000000   Number         0  lcd_ili9325.o ABSOLUTE
    Open1768_LCD.c                           0x00000000   Number         0  open1768_lcd.o ABSOLUTE
    Open1768_LCD.c                           0x00000000   Number         0  open1768_lcd.o ABSOLUTE
    RTE\Device\LPC1768\startup_LPC17xx.s     0x00000000   Number         0  startup_lpc17xx.o ABSOLUTE
    RTE\Device\LPC1768\system_LPC17xx.c      0x00000000   Number         0  system_lpc17xx.o ABSOLUTE
    RTE\\Device\\LPC1768\\system_LPC17xx.c   0x00000000   Number         0  system_lpc17xx.o ABSOLUTE
    asciiLib.c                               0x00000000   Number         0  asciilib.o ABSOLUTE
    dc.s                                     0x00000000   Number         0  dc.o ABSOLUTE
    main.c                                   0x00000000   Number         0  main.o ABSOLUTE
    main.c                                   0x00000000   Number         0  main.o ABSOLUTE
    !!!main                                  0x000000cc   Section        8  __main.o(!!!main)
    !!!scatter                               0x000000d4   Section       52  __scatter.o(!!!scatter)
    !!dczerorl                               0x00000108   Section       58  __dczerorl.o(!!dczerorl)
    !!handler_zi                             0x00000144   Section       28  __scatter_zi.o(!!handler_zi)
    .ARM.Collect$$_printf_percent$$00000000  0x00000160   Section        0  _printf_percent.o(.ARM.Collect$$_printf_percent$$00000000)
    .ARM.Collect$$_printf_percent$$00000009  0x00000160   Section        6  _printf_d.o(.ARM.Collect$$_printf_percent$$00000009)
    .ARM.Collect$$_printf_percent$$00000017  0x00000166   Section        4  _printf_percent_end.o(.ARM.Collect$$_printf_percent$$00000017)
    .ARM.Collect$$libinit$$00000000          0x0000016a   Section        2  libinit.o(.ARM.Collect$$libinit$$00000000)
    .ARM.Collect$$libinit$$00000002          0x0000016c   Section        0  libinit2.o(.ARM.Collect$$libinit$$00000002)
    .ARM.Collect$$libinit$$00000004          0x0000016c   Section        0  libinit2.o(.ARM.Collect$$libinit$$00000004)
    .ARM.Collect$$libinit$$0000000A          0x0000016c   Section        0  libinit2.o(.ARM.Collect$$libinit$$0000000A)
    .ARM.Collect$$libinit$$0000000C          0x0000016c   Section        0  libinit2.o(.ARM.Collect$$libinit$$0000000C)
    .ARM.Collect$$libinit$$0000000E          0x0000016c   Section        0  libinit2.o(.ARM.Collect$$libinit$$0000000E)
    .ARM.Collect$$libinit$$00000011          0x0000016c   Section        0  libinit2.o(.ARM.Collect$$libinit$$00000011)
    .ARM.Collect$$libinit$$00000013          0x0000016c   Section        0  libinit2.o(.ARM.Collect$$libinit$$00000013)
    .ARM.Collect$$libinit$$00000015          0x0000016c   Section        0  libinit2.o(.ARM.Collect$$libinit$$00000015)
    .ARM.Collect$$libinit$$00000017          0x0000016c   Section        0  libinit2.o(.ARM.Collect$$libinit$$00000017)
    .ARM.Collect$$libinit$$00000019          0x0000016c   Section        0  libinit2.o(.ARM.Collect$$libinit$$00000019)
    .ARM.Collect$$libinit$$0000001B          0x0000016c   Section        0  libinit2.o(.ARM.Collect$$libinit$$0000001B)
    .ARM.Collect$$libinit$$0000001D          0x0000016c   Section        0  libinit2.o(.ARM.Collect$$libinit$$0000001D)
    .ARM.Collect$$libinit$$0000001F          0x0000016c   Section        0  libinit2.o(.ARM.Collect$$libinit$$0000001F)
    .ARM.Collect$$libinit$$00000021          0x0000016c   Section        0  libinit2.o(.ARM.Collect$$libinit$$00000021)
    .ARM.Collect$$libinit$$00000023          0x0000016c   Section        0  libinit2.o(.ARM.Collect$$libinit$$00000023)
    .ARM.Collect$$libinit$$00000025          0x0000016c   Section        0  libinit2.o(.ARM.Collect$$libinit$$00000025)
    .ARM.Collect$$libinit$$0000002C          0x0000016c   Section        0  libinit2.o(.ARM.Collect$$libinit$$0000002C)
    .ARM.Collect$$libinit$$0000002E          0x0000016c   Section        0  libinit2.o(.ARM.Collect$$libinit$$0000002E)
    .ARM.Collect$$libinit$$00000030          0x0000016c   Section        0  libinit2.o(.ARM.Collect$$libinit$$00000030)
    .ARM.Collect$$libinit$$00000032          0x0000016c   Section        0  libinit2.o(.ARM.Collect$$libinit$$00000032)
    .ARM.Collect$$libinit$$00000033          0x0000016c   Section        2  libinit2.o(.ARM.Collect$$libinit$$00000033)
    .ARM.Collect$$libshutdown$$00000000      0x0000016e   Section        2  libshutdown.o(.ARM.Collect$$libshutdown$$00000000)
    .ARM.Collect$$libshutdown$$00000002      0x00000170   Section        0  libshutdown2.o(.ARM.Collect$$libshutdown$$00000002)
    .ARM.Collect$$libshutdown$$00000004      0x00000170   Section        0  libshutdown2.o(.ARM.Collect$$libshutdown$$00000004)
    .ARM.Collect$$libshutdown$$00000007      0x00000170   Section        0  libshutdown2.o(.ARM.Collect$$libshutdown$$00000007)
    .ARM.Collect$$libshutdown$$0000000A      0x00000170   Section        0  libshutdown2.o(.ARM.Collect$$libshutdown$$0000000A)
    .ARM.Collect$$libshutdown$$0000000C      0x00000170   Section        0  libshutdown2.o(.ARM.Collect$$libshutdown$$0000000C)
    .ARM.Collect$$libshutdown$$0000000F      0x00000170   Section        0  libshutdown2.o(.ARM.Collect$$libshutdown$$0000000F)
    .ARM.Collect$$libshutdown$$00000010      0x00000170   Section        2  libshutdown2.o(.ARM.Collect$$libshutdown$$00000010)
    .ARM.Collect$$rtentry$$00000000          0x00000172   Section        0  __rtentry.o(.ARM.Collect$$rtentry$$00000000)
    .ARM.Collect$$rtentry$$00000002          0x00000172   Section        0  __rtentry2.o(.ARM.Collect$$rtentry$$00000002)
    .ARM.Collect$$rtentry$$00000004          0x00000172   Section        6  __rtentry4.o(.ARM.Collect$$rtentry$$00000004)
    .ARM.Collect$$rtentry$$00000009          0x00000178   Section        0  __rtentry2.o(.ARM.Collect$$rtentry$$00000009)
    .ARM.Collect$$rtentry$$0000000A          0x00000178   Section        4  __rtentry2.o(.ARM.Collect$$rtentry$$0000000A)
    .ARM.Collect$$rtentry$$0000000C          0x0000017c   Section        0  __rtentry2.o(.ARM.Collect$$rtentry$$0000000C)
    .ARM.Collect$$rtentry$$0000000D          0x0000017c   Section        8  __rtentry2.o(.ARM.Collect$$rtentry$$0000000D)
    .ARM.Collect$$rtexit$$00000000           0x00000184   Section        2  rtexit.o(.ARM.Collect$$rtexit$$00000000)
    .ARM.Collect$$rtexit$$00000002           0x00000186   Section        0  rtexit2.o(.ARM.Collect$$rtexit$$00000002)
    .ARM.Collect$$rtexit$$00000003           0x00000186   Section        4  rtexit2.o(.ARM.Collect$$rtexit$$00000003)
    .ARM.Collect$$rtexit$$00000004           0x0000018a   Section        6  rtexit2.o(.ARM.Collect$$rtexit$$00000004)
    .text                                    0x00000190   Section       60  startup_lpc17xx.o(.text)
    .text                                    0x000001cc   Section        0  noretval__2sprintf.o(.text)
    .text                                    0x000001f4   Section        0  __printf.o(.text)
    .text                                    0x0000025c   Section        0  _printf_dec.o(.text)
    .text                                    0x000002d4   Section        0  heapauxi.o(.text)
    .text                                    0x000002da   Section        0  _sputc.o(.text)
    .text                                    0x000002e4   Section        0  exit.o(.text)
    .text                                    0x000002f6   Section        2  use_no_semi.o(.text)
    .constdata                               0x000002f8   Section        4  buttons_open1768.o(.constdata)
    .text                                    0x000002f8   Section        0  indicate_semi.o(.text)
    x$fpl$usenofp                            0x000002f8   Section        0  usenofp.o(x$fpl$usenofp)
    BUTTON_PIN                               0x000002f8   Data           4  buttons_open1768.o(.constdata)
    .ARM.__at_0x02FC                         0x000002fc   Section        4  startup_lpc17xx.o(.ARM.__at_0x02FC)
    .text                                    0x00000300   Section      138  rt_memcpy_v6.o(.text)
    .text                                    0x0000038a   Section      100  rt_memcpy_w.o(.text)
    .text                                    0x000003ee   Section        0  _printf_intcommon.o(.text)
    .text                                    0x000004a0   Section        0  _printf_char_common.o(.text)
    _printf_input_char                       0x000004a1   Thumb Code    10  _printf_char_common.o(.text)
    .text                                    0x000004d0   Section       74  sys_stackheap_outer.o(.text)
    .text                                    0x0000051c   Section        8  libspace.o(.text)
    .text                                    0x00000524   Section        0  sys_exit.o(.text)
    i.Buttons_Initialize                     0x00000530   Section        0  buttons_open1768.o(i.Buttons_Initialize)
    i.GPIO_PinRead                           0x00000578   Section        0  gpio_lpc17xx.o(i.GPIO_PinRead)
    i.GPIO_PortClock                         0x00000598   Section        0  gpio_lpc17xx.o(i.GPIO_PortClock)
    i.GPIO_SetDir                            0x000005c4   Section        0  gpio_lpc17xx.o(i.GPIO_SetDir)
    i.GetASCIICode                           0x000005fc   Section        0  asciilib.o(i.GetASCIICode)
    i.I2C0_IRQHandler                        0x00000628   Section        0  main.o(i.I2C0_IRQHandler)
    i.I2C_enable                             0x00000a1c   Section        0  main.o(i.I2C_enable)
    i.I2C_transmit                           0x00000a48   Section        0  main.o(i.I2C_transmit)
    i.Joystick_GetState                      0x00000a8c   Section        0  joystick_open1768.o(i.Joystick_GetState)
    i.Joystick_Initialize                    0x00000ae8   Section        0  joystick_open1768.o(i.Joystick_Initialize)
    i.PIN_Configure                          0x00000b30   Section        0  pin_lpc17xx.o(i.PIN_Configure)
    i.RTC_IRQHandler                         0x00000c2c   Section        0  main.o(i.RTC_IRQHandler)
    i.SysTick_Handler                        0x00000c38   Section        0  main.o(i.SysTick_Handler)
    i.SystemInit                             0x00000c48   Section        0  system_lpc17xx.o(i.SystemInit)
    i.__NVIC_EnableIRQ                       0x00000d88   Section        0  main.o(i.__NVIC_EnableIRQ)
    __NVIC_EnableIRQ                         0x00000d89   Thumb Code    26  main.o(i.__NVIC_EnableIRQ)
    i.accelerometr_enable                    0x00000da4   Section        0  main.o(i.accelerometr_enable)
    i.accelerometr_read                      0x00000e48   Section        0  main.o(i.accelerometr_read)
    i.bubbleSort8                            0x00000f20   Section        0  main.o(i.bubbleSort8)
    i.configureRTC                           0x00000f58   Section        0  main.o(i.configureRTC)
    i.configureUART0                         0x00000f70   Section        0  main.o(i.configureUART0)
    i.delayMS                                0x00000fb0   Section        0  main.o(i.delayMS)
    i.delay_ms                               0x00000fd4   Section        0  lcd_ili9325.o(i.delay_ms)
    i.drawCubeFromCenter                     0x00000ff4   Section        0  main.o(i.drawCubeFromCenter)
    i.drawGUI                                0x00001038   Section        0  main.o(i.drawGUI)
    i.drawLetter                             0x00001138   Section        0  main.o(i.drawLetter)
    i.drawLine                               0x00001190   Section        0  main.o(i.drawLine)
    i.drawString                             0x000011d8   Section        0  main.o(i.drawString)
    i.gameOver                               0x00001230   Section        0  main.o(i.gameOver)
    i.generateFood                           0x000012ec   Section        0  main.o(i.generateFood)
    i.init_ILI9325                           0x00001440   Section        0  lcd_ili9325.o(i.init_ILI9325)
    i.lcdCleanBackground                     0x00001614   Section        0  main.o(i.lcdCleanBackground)
    i.lcdConfiguration                       0x0000164c   Section        0  open1768_lcd.o(i.lcdConfiguration)
    i.lcdSend                                0x00001674   Section        0  open1768_lcd.o(i.lcdSend)
    i.lcdWriteData                           0x000016a0   Section        0  open1768_lcd.o(i.lcdWriteData)
    i.lcdWriteIndex                          0x000016d8   Section        0  open1768_lcd.o(i.lcdWriteIndex)
    i.lcdWriteReg                            0x00001718   Section        0  open1768_lcd.o(i.lcdWriteReg)
    i.main                                   0x0000172c   Section        0  main.o(i.main)
    i.playGame                               0x000018b8   Section        0  main.o(i.playGame)
    i.printScore                             0x000018f8   Section        0  main.o(i.printScore)
    i.printScoresBoard                       0x000019a8   Section        0  main.o(i.printScoresBoard)
    i.readBestScores                         0x00001af4   Section        0  main.o(i.readBestScores)
    i.sendString                             0x00001ba8   Section        0  main.o(i.sendString)
    i.updateDirection                        0x00001bd0   Section        0  main.o(i.updateDirection)
    i.updatePosition                         0x00001cf4   Section        0  main.o(i.updatePosition)
    i.wait_delay                             0x00001f54   Section        0  open1768_lcd.o(i.wait_delay)
    i.writeBestScores                        0x00001f68   Section        0  main.o(i.writeBestScores)
    x$fpl$ddiv                               0x00002078   Section      688  ddiv.o(x$fpl$ddiv)
    ddiv_entry                               0x0000207f   Thumb Code     0  ddiv.o(x$fpl$ddiv)
    x$fpl$dfix                               0x00002328   Section       94  dfix.o(x$fpl$dfix)
    x$fpl$dfixu                              0x00002388   Section       90  dfixu.o(x$fpl$dfixu)
    x$fpl$dfltu                              0x000023e2   Section       38  dflt_clz.o(x$fpl$dfltu)
    x$fpl$dmul                               0x00002408   Section      340  dmul.o(x$fpl$dmul)
    x$fpl$dnaninf                            0x0000255c   Section      156  dnaninf.o(x$fpl$dnaninf)
    x$fpl$dretinf                            0x000025f8   Section       12  dretinf.o(x$fpl$dretinf)
    x$fpl$f2d                                0x00002604   Section       86  f2d.o(x$fpl$f2d)
    x$fpl$ffltu                              0x0000265c   Section       38  fflt_clz.o(x$fpl$ffltu)
    x$fpl$fnaninf                            0x00002682   Section      140  fnaninf.o(x$fpl$fnaninf)
    .constdata                               0x00002710   Section       39  main.o(.constdata)
    .constdata                               0x00002737   Section     3040  asciilib.o(.constdata)
    AsciiLib                                 0x00002737   Data        3040  asciilib.o(.constdata)
    .constdata                               0x00003317   Section       10  joystick_open1768.o(.constdata)
    JOYSTICK_PIN                             0x00003317   Data          10  joystick_open1768.o(.constdata)
    .data                                    0x10000000   Section     1064  main.o(.data)
    .data                                    0x10000428   Section        4  system_lpc17xx.o(.data)
    .bss                                     0x1000042c   Section       96  libspace.o(.bss)
    HEAP                                     0x10000490   Section        0  startup_lpc17xx.o(HEAP)
    Heap_Mem                                 0x10000490   Data           0  startup_lpc17xx.o(HEAP)
    .bss                                     0x2007c000   Section      844  main.o(.bss)
    STACK                                    0x2007c350   Section      512  startup_lpc17xx.o(STACK)
    Stack_Mem                                0x2007c350   Data         512  startup_lpc17xx.o(STACK)
    __initial_sp                             0x2007c550   Data           0  startup_lpc17xx.o(STACK)

    Global Symbols

    Symbol Name                              Value     Ov Type        Size  Object(Section)

    BuildAttributes$$THM_ISAv4$P$D$K$B$S$PE$A:L22UL41UL21$X:L11$S22US41US21$IEEE1$IW$USESV6$~STKCKD$USESV7$~SHL$OSPACE$ROPI$EBA8$UX$STANDARDLIB$REQ8$PRES8$EABIv2 0x00000000   Number         0  anon$$obj.o ABSOLUTE
    __ARM_use_no_argv                        0x00000000   Number         0  main.o ABSOLUTE
    __Vectors                                0x00000000   Data           4  startup_lpc17xx.o(RESET)
    __ARM_exceptions_init                     - Undefined Weak Reference
    __alloca_initialize                       - Undefined Weak Reference
    __arm_preinit_                            - Undefined Weak Reference
    __cpp_initialize__aeabi_                  - Undefined Weak Reference
    __cxa_finalize                            - Undefined Weak Reference
    __rt_locale                               - Undefined Weak Reference
    __sigvec_lookup                           - Undefined Weak Reference
    _atexit_init                              - Undefined Weak Reference
    _call_atexit_fns                          - Undefined Weak Reference
    _clock_init                               - Undefined Weak Reference
    _fp_trap_init                             - Undefined Weak Reference
    _fp_trap_shutdown                         - Undefined Weak Reference
    _get_lc_collate                           - Undefined Weak Reference
    _get_lc_ctype                             - Undefined Weak Reference
    _get_lc_monetary                          - Undefined Weak Reference
    _get_lc_numeric                           - Undefined Weak Reference
    _get_lc_time                              - Undefined Weak Reference
    _getenv_init                              - Undefined Weak Reference
    _handle_redirection                       - Undefined Weak Reference
    _init_alloc                               - Undefined Weak Reference
    _init_user_alloc                          - Undefined Weak Reference
    _initio                                   - Undefined Weak Reference
    _printf_post_padding                      - Undefined Weak Reference
    _printf_pre_padding                       - Undefined Weak Reference
    _printf_truncate_signed                   - Undefined Weak Reference
    _printf_truncate_unsigned                 - Undefined Weak Reference
    _rand_init                                - Undefined Weak Reference
    _signal_finish                            - Undefined Weak Reference
    _signal_init                              - Undefined Weak Reference
    _terminate_alloc                          - Undefined Weak Reference
    _terminate_user_alloc                     - Undefined Weak Reference
    _terminateio                              - Undefined Weak Reference
    __main                                   0x000000cd   Thumb Code     8  __main.o(!!!main)
    __scatterload                            0x000000d5   Thumb Code     0  __scatter.o(!!!scatter)
    __scatterload_rt2                        0x000000d5   Thumb Code    44  __scatter.o(!!!scatter)
    __scatterload_rt2_thumb_only             0x000000d5   Thumb Code     0  __scatter.o(!!!scatter)
    __scatterload_null                       0x000000e3   Thumb Code     0  __scatter.o(!!!scatter)
    __decompress                             0x00000109   Thumb Code    58  __dczerorl.o(!!dczerorl)
    __decompress0                            0x00000109   Thumb Code     0  __dczerorl.o(!!dczerorl)
    __scatterload_zeroinit                   0x00000145   Thumb Code    28  __scatter_zi.o(!!handler_zi)
    _printf_d                                0x00000161   Thumb Code     0  _printf_d.o(.ARM.Collect$$_printf_percent$$00000009)
    _printf_percent                          0x00000161   Thumb Code     0  _printf_percent.o(.ARM.Collect$$_printf_percent$$00000000)
    _printf_percent_end                      0x00000167   Thumb Code     0  _printf_percent_end.o(.ARM.Collect$$_printf_percent$$00000017)
    __rt_lib_init                            0x0000016b   Thumb Code     0  libinit.o(.ARM.Collect$$libinit$$00000000)
    __rt_lib_init_alloca_1                   0x0000016d   Thumb Code     0  libinit2.o(.ARM.Collect$$libinit$$0000002E)
    __rt_lib_init_argv_1                     0x0000016d   Thumb Code     0  libinit2.o(.ARM.Collect$$libinit$$0000002C)
    __rt_lib_init_atexit_1                   0x0000016d   Thumb Code     0  libinit2.o(.ARM.Collect$$libinit$$0000001B)
    __rt_lib_init_clock_1                    0x0000016d   Thumb Code     0  libinit2.o(.ARM.Collect$$libinit$$00000021)
    __rt_lib_init_cpp_1                      0x0000016d   Thumb Code     0  libinit2.o(.ARM.Collect$$libinit$$00000032)
    __rt_lib_init_exceptions_1               0x0000016d   Thumb Code     0  libinit2.o(.ARM.Collect$$libinit$$00000030)
    __rt_lib_init_fp_1                       0x0000016d   Thumb Code     0  libinit2.o(.ARM.Collect$$libinit$$00000002)
    __rt_lib_init_fp_trap_1                  0x0000016d   Thumb Code     0  libinit2.o(.ARM.Collect$$libinit$$0000001F)
    __rt_lib_init_getenv_1                   0x0000016d   Thumb Code     0  libinit2.o(.ARM.Collect$$libinit$$00000023)
    __rt_lib_init_heap_1                     0x0000016d   Thumb Code     0  libinit2.o(.ARM.Collect$$libinit$$0000000A)
    __rt_lib_init_lc_collate_1               0x0000016d   Thumb Code     0  libinit2.o(.ARM.Collect$$libinit$$00000011)
    __rt_lib_init_lc_ctype_1                 0x0000016d   Thumb Code     0  libinit2.o(.ARM.Collect$$libinit$$00000013)
    __rt_lib_init_lc_monetary_1              0x0000016d   Thumb Code     0  libinit2.o(.ARM.Collect$$libinit$$00000015)
    __rt_lib_init_lc_numeric_1               0x0000016d   Thumb Code     0  libinit2.o(.ARM.Collect$$libinit$$00000017)
    __rt_lib_init_lc_time_1                  0x0000016d   Thumb Code     0  libinit2.o(.ARM.Collect$$libinit$$00000019)
    __rt_lib_init_preinit_1                  0x0000016d   Thumb Code     0  libinit2.o(.ARM.Collect$$libinit$$00000004)
    __rt_lib_init_rand_1                     0x0000016d   Thumb Code     0  libinit2.o(.ARM.Collect$$libinit$$0000000E)
    __rt_lib_init_return                     0x0000016d   Thumb Code     0  libinit2.o(.ARM.Collect$$libinit$$00000033)
    __rt_lib_init_signal_1                   0x0000016d   Thumb Code     0  libinit2.o(.ARM.Collect$$libinit$$0000001D)
    __rt_lib_init_stdio_1                    0x0000016d   Thumb Code     0  libinit2.o(.ARM.Collect$$libinit$$00000025)
    __rt_lib_init_user_alloc_1               0x0000016d   Thumb Code     0  libinit2.o(.ARM.Collect$$libinit$$0000000C)
    __rt_lib_shutdown                        0x0000016f   Thumb Code     0  libshutdown.o(.ARM.Collect$$libshutdown$$00000000)
    __rt_lib_shutdown_cpp_1                  0x00000171   Thumb Code     0  libshutdown2.o(.ARM.Collect$$libshutdown$$00000002)
    __rt_lib_shutdown_fp_trap_1              0x00000171   Thumb Code     0  libshutdown2.o(.ARM.Collect$$libshutdown$$00000007)
    __rt_lib_shutdown_heap_1                 0x00000171   Thumb Code     0  libshutdown2.o(.ARM.Collect$$libshutdown$$0000000F)
    __rt_lib_shutdown_return                 0x00000171   Thumb Code     0  libshutdown2.o(.ARM.Collect$$libshutdown$$00000010)
    __rt_lib_shutdown_signal_1               0x00000171   Thumb Code     0  libshutdown2.o(.ARM.Collect$$libshutdown$$0000000A)
    __rt_lib_shutdown_stdio_1                0x00000171   Thumb Code     0  libshutdown2.o(.ARM.Collect$$libshutdown$$00000004)
    __rt_lib_shutdown_user_alloc_1           0x00000171   Thumb Code     0  libshutdown2.o(.ARM.Collect$$libshutdown$$0000000C)
    __rt_entry                               0x00000173   Thumb Code     0  __rtentry.o(.ARM.Collect$$rtentry$$00000000)
    __rt_entry_presh_1                       0x00000173   Thumb Code     0  __rtentry2.o(.ARM.Collect$$rtentry$$00000002)
    __rt_entry_sh                            0x00000173   Thumb Code     0  __rtentry4.o(.ARM.Collect$$rtentry$$00000004)
    __rt_entry_li                            0x00000179   Thumb Code     0  __rtentry2.o(.ARM.Collect$$rtentry$$0000000A)
    __rt_entry_postsh_1                      0x00000179   Thumb Code     0  __rtentry2.o(.ARM.Collect$$rtentry$$00000009)
    __rt_entry_main                          0x0000017d   Thumb Code     0  __rtentry2.o(.ARM.Collect$$rtentry$$0000000D)
    __rt_entry_postli_1                      0x0000017d   Thumb Code     0  __rtentry2.o(.ARM.Collect$$rtentry$$0000000C)
    __rt_exit                                0x00000185   Thumb Code     0  rtexit.o(.ARM.Collect$$rtexit$$00000000)
    __rt_exit_ls                             0x00000187   Thumb Code     0  rtexit2.o(.ARM.Collect$$rtexit$$00000003)
    __rt_exit_prels_1                        0x00000187   Thumb Code     0  rtexit2.o(.ARM.Collect$$rtexit$$00000002)
    __rt_exit_exit                           0x0000018b   Thumb Code     0  rtexit2.o(.ARM.Collect$$rtexit$$00000004)
    Reset_Handler                            0x00000191   Thumb Code     8  startup_lpc17xx.o(.text)
    NMI_Handler                              0x00000199   Thumb Code     2  startup_lpc17xx.o(.text)
    HardFault_Handler                        0x0000019b   Thumb Code     2  startup_lpc17xx.o(.text)
    MemManage_Handler                        0x0000019d   Thumb Code     2  startup_lpc17xx.o(.text)
    BusFault_Handler                         0x0000019f   Thumb Code     2  startup_lpc17xx.o(.text)
    UsageFault_Handler                       0x000001a1   Thumb Code     2  startup_lpc17xx.o(.text)
    SVC_Handler                              0x000001a3   Thumb Code     2  startup_lpc17xx.o(.text)
    DebugMon_Handler                         0x000001a5   Thumb Code     2  startup_lpc17xx.o(.text)
    PendSV_Handler                           0x000001a7   Thumb Code     2  startup_lpc17xx.o(.text)
    ADC_IRQHandler                           0x000001ab   Thumb Code     0  startup_lpc17xx.o(.text)
    BOD_IRQHandler                           0x000001ab   Thumb Code     0  startup_lpc17xx.o(.text)
    CANActivity_IRQHandler                   0x000001ab   Thumb Code     0  startup_lpc17xx.o(.text)
    CAN_IRQHandler                           0x000001ab   Thumb Code     0  startup_lpc17xx.o(.text)
    DMA_IRQHandler                           0x000001ab   Thumb Code     0  startup_lpc17xx.o(.text)
    EINT0_IRQHandler                         0x000001ab   Thumb Code     0  startup_lpc17xx.o(.text)
    EINT1_IRQHandler                         0x000001ab   Thumb Code     0  startup_lpc17xx.o(.text)
    EINT2_IRQHandler                         0x000001ab   Thumb Code     0  startup_lpc17xx.o(.text)
    EINT3_IRQHandler                         0x000001ab   Thumb Code     0  startup_lpc17xx.o(.text)
    ENET_IRQHandler                          0x000001ab   Thumb Code     0  startup_lpc17xx.o(.text)
    I2C1_IRQHandler                          0x000001ab   Thumb Code     0  startup_lpc17xx.o(.text)
    I2C2_IRQHandler                          0x000001ab   Thumb Code     0  startup_lpc17xx.o(.text)
    I2S_IRQHandler                           0x000001ab   Thumb Code     0  startup_lpc17xx.o(.text)
    MCPWM_IRQHandler                         0x000001ab   Thumb Code     0  startup_lpc17xx.o(.text)
    PLL0_IRQHandler                          0x000001ab   Thumb Code     0  startup_lpc17xx.o(.text)
    PLL1_IRQHandler                          0x000001ab   Thumb Code     0  startup_lpc17xx.o(.text)
    PWM1_IRQHandler                          0x000001ab   Thumb Code     0  startup_lpc17xx.o(.text)
    QEI_IRQHandler                           0x000001ab   Thumb Code     0  startup_lpc17xx.o(.text)
    RIT_IRQHandler                           0x000001ab   Thumb Code     0  startup_lpc17xx.o(.text)
    SPI_IRQHandler                           0x000001ab   Thumb Code     0  startup_lpc17xx.o(.text)
    SSP0_IRQHandler                          0x000001ab   Thumb Code     0  startup_lpc17xx.o(.text)
    SSP1_IRQHandler                          0x000001ab   Thumb Code     0  startup_lpc17xx.o(.text)
    TIMER0_IRQHandler                        0x000001ab   Thumb Code     0  startup_lpc17xx.o(.text)
    TIMER1_IRQHandler                        0x000001ab   Thumb Code     0  startup_lpc17xx.o(.text)
    TIMER2_IRQHandler                        0x000001ab   Thumb Code     0  startup_lpc17xx.o(.text)
    TIMER3_IRQHandler                        0x000001ab   Thumb Code     0  startup_lpc17xx.o(.text)
    UART0_IRQHandler                         0x000001ab   Thumb Code     0  startup_lpc17xx.o(.text)
    UART1_IRQHandler                         0x000001ab   Thumb Code     0  startup_lpc17xx.o(.text)
    UART2_IRQHandler                         0x000001ab   Thumb Code     0  startup_lpc17xx.o(.text)
    UART3_IRQHandler                         0x000001ab   Thumb Code     0  startup_lpc17xx.o(.text)
    USBActivity_IRQHandler                   0x000001ab   Thumb Code     0  startup_lpc17xx.o(.text)
    USB_IRQHandler                           0x000001ab   Thumb Code     0  startup_lpc17xx.o(.text)
    WDT_IRQHandler                           0x000001ab   Thumb Code     0  startup_lpc17xx.o(.text)
    __user_initial_stackheap                 0x000001ad   Thumb Code     0  startup_lpc17xx.o(.text)
    __2sprintf                               0x000001cd   Thumb Code    34  noretval__2sprintf.o(.text)
    __printf                                 0x000001f5   Thumb Code   104  __printf.o(.text)
    _printf_int_dec                          0x0000025d   Thumb Code   104  _printf_dec.o(.text)
    __use_two_region_memory                  0x000002d5   Thumb Code     2  heapauxi.o(.text)
    __rt_heap_escrow$2region                 0x000002d7   Thumb Code     2  heapauxi.o(.text)
    __rt_heap_expand$2region                 0x000002d9   Thumb Code     2  heapauxi.o(.text)
    _sputc                                   0x000002db   Thumb Code    10  _sputc.o(.text)
    exit                                     0x000002e5   Thumb Code    18  exit.o(.text)
    __I$use$semihosting                      0x000002f7   Thumb Code     0  use_no_semi.o(.text)
    __use_no_semihosting_swi                 0x000002f7   Thumb Code     2  use_no_semi.o(.text)
    __I$use$fp                               0x000002f8   Number         0  usenofp.o(x$fpl$usenofp)
    __semihosting_library_function           0x000002f9   Thumb Code     0  indicate_semi.o(.text)
    __aeabi_memcpy                           0x00000301   Thumb Code     0  rt_memcpy_v6.o(.text)
    __rt_memcpy                              0x00000301   Thumb Code   138  rt_memcpy_v6.o(.text)
    _memcpy_lastbytes                        0x00000367   Thumb Code     0  rt_memcpy_v6.o(.text)
    __aeabi_memcpy4                          0x0000038b   Thumb Code     0  rt_memcpy_w.o(.text)
    __aeabi_memcpy8                          0x0000038b   Thumb Code     0  rt_memcpy_w.o(.text)
    __rt_memcpy_w                            0x0000038b   Thumb Code   100  rt_memcpy_w.o(.text)
    _memcpy_lastbytes_aligned                0x000003d3   Thumb Code     0  rt_memcpy_w.o(.text)
    _printf_int_common                       0x000003ef   Thumb Code   178  _printf_intcommon.o(.text)
    _printf_char_common                      0x000004ab   Thumb Code    32  _printf_char_common.o(.text)
    __user_setup_stackheap                   0x000004d1   Thumb Code    74  sys_stackheap_outer.o(.text)
    __user_libspace                          0x0000051d   Thumb Code     8  libspace.o(.text)
    __user_perproc_libspace                  0x0000051d   Thumb Code     0  libspace.o(.text)
    __user_perthread_libspace                0x0000051d   Thumb Code     0  libspace.o(.text)
    _sys_exit                                0x00000525   Thumb Code     8  sys_exit.o(.text)
    Buttons_Initialize                       0x00000531   Thumb Code    68  buttons_open1768.o(i.Buttons_Initialize)
    GPIO_PinRead                             0x00000579   Thumb Code    28  gpio_lpc17xx.o(i.GPIO_PinRead)
    GPIO_PortClock                           0x00000599   Thumb Code    38  gpio_lpc17xx.o(i.GPIO_PortClock)
    GPIO_SetDir                              0x000005c5   Thumb Code    52  gpio_lpc17xx.o(i.GPIO_SetDir)
    GetASCIICode                             0x000005fd   Thumb Code    40  asciilib.o(i.GetASCIICode)
    I2C0_IRQHandler                          0x00000629   Thumb Code   704  main.o(i.I2C0_IRQHandler)
    I2C_enable                               0x00000a1d   Thumb Code    34  main.o(i.I2C_enable)
    I2C_transmit                             0x00000a49   Thumb Code    38  main.o(i.I2C_transmit)
    Joystick_GetState                        0x00000a8d   Thumb Code    88  joystick_open1768.o(i.Joystick_GetState)
    Joystick_Initialize                      0x00000ae9   Thumb Code    68  joystick_open1768.o(i.Joystick_Initialize)
    PIN_Configure                            0x00000b31   Thumb Code   246  pin_lpc17xx.o(i.PIN_Configure)
    RTC_IRQHandler                           0x00000c2d   Thumb Code     8  main.o(i.RTC_IRQHandler)
    SysTick_Handler                          0x00000c39   Thumb Code    12  main.o(i.SysTick_Handler)
    SystemInit                               0x00000c49   Thumb Code   302  system_lpc17xx.o(i.SystemInit)
    accelerometr_enable                      0x00000da5   Thumb Code   152  main.o(i.accelerometr_enable)
    accelerometr_read                        0x00000e49   Thumb Code   192  main.o(i.accelerometr_read)
    bubbleSort8                              0x00000f21   Thumb Code    56  main.o(i.bubbleSort8)
    configureRTC                             0x00000f59   Thumb Code    20  main.o(i.configureRTC)
    configureUART0                           0x00000f71   Thumb Code    60  main.o(i.configureUART0)
    delayMS                                  0x00000fb1   Thumb Code    30  main.o(i.delayMS)
    delay_ms                                 0x00000fd5   Thumb Code    30  lcd_ili9325.o(i.delay_ms)
    drawCubeFromCenter                       0x00000ff5   Thumb Code    62  main.o(i.drawCubeFromCenter)
    drawGUI                                  0x00001039   Thumb Code   220  main.o(i.drawGUI)
    drawLetter                               0x00001139   Thumb Code    88  main.o(i.drawLetter)
    drawLine                                 0x00001191   Thumb Code    72  main.o(i.drawLine)
    drawString                               0x000011d9   Thumb Code    88  main.o(i.drawString)
    gameOver                                 0x00001231   Thumb Code   140  main.o(i.gameOver)
    generateFood                             0x000012ed   Thumb Code   310  main.o(i.generateFood)
    init_ILI9325                             0x00001441   Thumb Code   468  lcd_ili9325.o(i.init_ILI9325)
    lcdCleanBackground                       0x00001615   Thumb Code    56  main.o(i.lcdCleanBackground)
    lcdConfiguration                         0x0000164d   Thumb Code    36  open1768_lcd.o(i.lcdConfiguration)
    lcdSend                                  0x00001675   Thumb Code    40  open1768_lcd.o(i.lcdSend)
    lcdWriteData                             0x000016a1   Thumb Code    50  open1768_lcd.o(i.lcdWriteData)
    lcdWriteIndex                            0x000016d9   Thumb Code    60  open1768_lcd.o(i.lcdWriteIndex)
    lcdWriteReg                              0x00001719   Thumb Code    20  open1768_lcd.o(i.lcdWriteReg)
    main                                     0x0000172d   Thumb Code   282  main.o(i.main)
    playGame                                 0x000018b9   Thumb Code    56  main.o(i.playGame)
    printScore                               0x000018f9   Thumb Code   160  main.o(i.printScore)
    printScoresBoard                         0x000019a9   Thumb Code   306  main.o(i.printScoresBoard)
    readBestScores                           0x00001af5   Thumb Code   168  main.o(i.readBestScores)
    sendString                               0x00001ba9   Thumb Code    36  main.o(i.sendString)
    updateDirection                          0x00001bd1   Thumb Code   260  main.o(i.updateDirection)
    updatePosition                           0x00001cf5   Thumb Code   572  main.o(i.updatePosition)
    wait_delay                               0x00001f55   Thumb Code    18  open1768_lcd.o(i.wait_delay)
    writeBestScores                          0x00001f69   Thumb Code   254  main.o(i.writeBestScores)
    __aeabi_ddiv                             0x00002079   Thumb Code     0  ddiv.o(x$fpl$ddiv)
    _ddiv                                    0x00002079   Thumb Code   552  ddiv.o(x$fpl$ddiv)
    __aeabi_d2iz                             0x00002329   Thumb Code     0  dfix.o(x$fpl$dfix)
    _dfix                                    0x00002329   Thumb Code    94  dfix.o(x$fpl$dfix)
    __aeabi_d2uiz                            0x00002389   Thumb Code     0  dfixu.o(x$fpl$dfixu)
    _dfixu                                   0x00002389   Thumb Code    90  dfixu.o(x$fpl$dfixu)
    __aeabi_ui2d                             0x000023e3   Thumb Code     0  dflt_clz.o(x$fpl$dfltu)
    _dfltu                                   0x000023e3   Thumb Code    38  dflt_clz.o(x$fpl$dfltu)
    __aeabi_dmul                             0x00002409   Thumb Code     0  dmul.o(x$fpl$dmul)
    _dmul                                    0x00002409   Thumb Code   332  dmul.o(x$fpl$dmul)
    __fpl_dnaninf                            0x0000255d   Thumb Code   156  dnaninf.o(x$fpl$dnaninf)
    __fpl_dretinf                            0x000025f9   Thumb Code    12  dretinf.o(x$fpl$dretinf)
    __aeabi_f2d                              0x00002605   Thumb Code     0  f2d.o(x$fpl$f2d)
    _f2d                                     0x00002605   Thumb Code    86  f2d.o(x$fpl$f2d)
    __aeabi_ui2f                             0x0000265d   Thumb Code     0  fflt_clz.o(x$fpl$ffltu)
    _ffltu                                   0x0000265d   Thumb Code    38  fflt_clz.o(x$fpl$ffltu)
    __fpl_fnaninf                            0x00002683   Thumb Code   140  fnaninf.o(x$fpl$fnaninf)
    Region$$Table$$Base                      0x00003324   Number         0  anon$$obj.o(Region$$Table)
    Region$$Table$$Limit                     0x00003354   Number         0  anon$$obj.o(Region$$Table)
    debug                                    0x10000000   Data           4  main.o(.data)
    ticks                                    0x10000004   Data           4  main.o(.data)
    randomTick                               0x10000008   Data           4  main.o(.data)
    alfaRandom                               0x10000010   Data           8  main.o(.data)
    I2C_Timeout                              0x10000018   Data           4  main.o(.data)
    readId                                   0x1000001c   Data           4  main.o(.data)
    writeId                                  0x10000020   Data           4  main.o(.data)
    maxRead                                  0x10000024   Data           4  main.o(.data)
    maxWrite                                 0x10000028   Data           4  main.o(.data)
    side                                     0x1000002c   Data           2  main.o(.data)
    snakeSize                                0x1000002e   Data           2  main.o(.data)
    bestScoresSize                           0x10000030   Data           2  main.o(.data)
    headTail                                 0x10000032   Data           8  main.o(.data)
    tailDirection                            0x1000003a   Data        1000  main.o(.data)
    direction                                0x10000422   Data           2  main.o(.data)
    currentTailWrite                         0x10000424   Data           2  main.o(.data)
    currentTailRead                          0x10000426   Data           2  main.o(.data)
    SystemCoreClock                          0x10000428   Data           4  system_lpc17xx.o(.data)
    __libspace_start                         0x1000042c   Data          96  libspace.o(.bss)
    __temporary_stack_top$libspace           0x1000048c   Data           0  libspace.o(.bss)
    buforRead                                0x2007c000   Data          40  main.o(.bss)
    buforWrite                               0x2007c028   Data          40  main.o(.bss)
    bestScores                               0x2007c050   Data          20  main.o(.bss)
    xTab                                     0x2007c064   Data          64  main.o(.bss)
    yTab                                     0x2007c0a4   Data          40  main.o(.bss)
    coloredTab                               0x2007c0cc   Data         640  main.o(.bss)



==============================================================================

Memory Map of the image

  Image Entry point : 0x000000cd

  Load Region LR_IROM1 (Base: 0x00000000, Size: 0x00003780, Max: 0x00080000, ABSOLUTE, COMPRESSED[0x00003378])

    Execution Region ER_IROM1 (Exec base: 0x00000000, Load base: 0x00000000, Size: 0x00003354, Max: 0x00080000, ABSOLUTE)

    Exec Addr    Load Addr    Size         Type   Attr      Idx    E Section Name        Object

    0x00000000   0x00000000   0x000000cc   Data   RO          633    RESET               startup_lpc17xx.o
    0x000000cc   0x000000cc   0x00000008   Code   RO          717  * !!!main             c_w.l(__main.o)
    0x000000d4   0x000000d4   0x00000034   Code   RO          930    !!!scatter          c_w.l(__scatter.o)
    0x00000108   0x00000108   0x0000003a   Code   RO          928    !!dczerorl          c_w.l(__dczerorl.o)
    0x00000142   0x00000142   0x00000002   PAD
    0x00000144   0x00000144   0x0000001c   Code   RO          932    !!handler_zi        c_w.l(__scatter_zi.o)
    0x00000160   0x00000160   0x00000000   Code   RO          710    .ARM.Collect$$_printf_percent$$00000000  c_w.l(_printf_percent.o)
    0x00000160   0x00000160   0x00000006   Code   RO          709    .ARM.Collect$$_printf_percent$$00000009  c_w.l(_printf_d.o)
    0x00000166   0x00000166   0x00000004   Code   RO          758    .ARM.Collect$$_printf_percent$$00000017  c_w.l(_printf_percent_end.o)
    0x0000016a   0x0000016a   0x00000002   Code   RO          798    .ARM.Collect$$libinit$$00000000  c_w.l(libinit.o)
    0x0000016c   0x0000016c   0x00000000   Code   RO          811    .ARM.Collect$$libinit$$00000002  c_w.l(libinit2.o)
    0x0000016c   0x0000016c   0x00000000   Code   RO          813    .ARM.Collect$$libinit$$00000004  c_w.l(libinit2.o)
    0x0000016c   0x0000016c   0x00000000   Code   RO          816    .ARM.Collect$$libinit$$0000000A  c_w.l(libinit2.o)
    0x0000016c   0x0000016c   0x00000000   Code   RO          818    .ARM.Collect$$libinit$$0000000C  c_w.l(libinit2.o)
    0x0000016c   0x0000016c   0x00000000   Code   RO          820    .ARM.Collect$$libinit$$0000000E  c_w.l(libinit2.o)
    0x0000016c   0x0000016c   0x00000000   Code   RO          823    .ARM.Collect$$libinit$$00000011  c_w.l(libinit2.o)
    0x0000016c   0x0000016c   0x00000000   Code   RO          825    .ARM.Collect$$libinit$$00000013  c_w.l(libinit2.o)
    0x0000016c   0x0000016c   0x00000000   Code   RO          827    .ARM.Collect$$libinit$$00000015  c_w.l(libinit2.o)
    0x0000016c   0x0000016c   0x00000000   Code   RO          829    .ARM.Collect$$libinit$$00000017  c_w.l(libinit2.o)
    0x0000016c   0x0000016c   0x00000000   Code   RO          831    .ARM.Collect$$libinit$$00000019  c_w.l(libinit2.o)
    0x0000016c   0x0000016c   0x00000000   Code   RO          833    .ARM.Collect$$libinit$$0000001B  c_w.l(libinit2.o)
    0x0000016c   0x0000016c   0x00000000   Code   RO          835    .ARM.Collect$$libinit$$0000001D  c_w.l(libinit2.o)
    0x0000016c   0x0000016c   0x00000000   Code   RO          837    .ARM.Collect$$libinit$$0000001F  c_w.l(libinit2.o)
    0x0000016c   0x0000016c   0x00000000   Code   RO          839    .ARM.Collect$$libinit$$00000021  c_w.l(libinit2.o)
    0x0000016c   0x0000016c   0x00000000   Code   RO          841    .ARM.Collect$$libinit$$00000023  c_w.l(libinit2.o)
    0x0000016c   0x0000016c   0x00000000   Code   RO          843    .ARM.Collect$$libinit$$00000025  c_w.l(libinit2.o)
    0x0000016c   0x0000016c   0x00000000   Code   RO          847    .ARM.Collect$$libinit$$0000002C  c_w.l(libinit2.o)
    0x0000016c   0x0000016c   0x00000000   Code   RO          849    .ARM.Collect$$libinit$$0000002E  c_w.l(libinit2.o)
    0x0000016c   0x0000016c   0x00000000   Code   RO          851    .ARM.Collect$$libinit$$00000030  c_w.l(libinit2.o)
    0x0000016c   0x0000016c   0x00000000   Code   RO          853    .ARM.Collect$$libinit$$00000032  c_w.l(libinit2.o)
    0x0000016c   0x0000016c   0x00000002   Code   RO          854    .ARM.Collect$$libinit$$00000033  c_w.l(libinit2.o)
    0x0000016e   0x0000016e   0x00000002   Code   RO          885    .ARM.Collect$$libshutdown$$00000000  c_w.l(libshutdown.o)
    0x00000170   0x00000170   0x00000000   Code   RO          911    .ARM.Collect$$libshutdown$$00000002  c_w.l(libshutdown2.o)
    0x00000170   0x00000170   0x00000000   Code   RO          913    .ARM.Collect$$libshutdown$$00000004  c_w.l(libshutdown2.o)
    0x00000170   0x00000170   0x00000000   Code   RO          916    .ARM.Collect$$libshutdown$$00000007  c_w.l(libshutdown2.o)
    0x00000170   0x00000170   0x00000000   Code   RO          919    .ARM.Collect$$libshutdown$$0000000A  c_w.l(libshutdown2.o)
    0x00000170   0x00000170   0x00000000   Code   RO          921    .ARM.Collect$$libshutdown$$0000000C  c_w.l(libshutdown2.o)
    0x00000170   0x00000170   0x00000000   Code   RO          924    .ARM.Collect$$libshutdown$$0000000F  c_w.l(libshutdown2.o)
    0x00000170   0x00000170   0x00000002   Code   RO          925    .ARM.Collect$$libshutdown$$00000010  c_w.l(libshutdown2.o)
    0x00000172   0x00000172   0x00000000   Code   RO          747    .ARM.Collect$$rtentry$$00000000  c_w.l(__rtentry.o)
    0x00000172   0x00000172   0x00000000   Code   RO          767    .ARM.Collect$$rtentry$$00000002  c_w.l(__rtentry2.o)
    0x00000172   0x00000172   0x00000006   Code   RO          779    .ARM.Collect$$rtentry$$00000004  c_w.l(__rtentry4.o)
    0x00000178   0x00000178   0x00000000   Code   RO          769    .ARM.Collect$$rtentry$$00000009  c_w.l(__rtentry2.o)
    0x00000178   0x00000178   0x00000004   Code   RO          770    .ARM.Collect$$rtentry$$0000000A  c_w.l(__rtentry2.o)
    0x0000017c   0x0000017c   0x00000000   Code   RO          772    .ARM.Collect$$rtentry$$0000000C  c_w.l(__rtentry2.o)
    0x0000017c   0x0000017c   0x00000008   Code   RO          773    .ARM.Collect$$rtentry$$0000000D  c_w.l(__rtentry2.o)
    0x00000184   0x00000184   0x00000002   Code   RO          802    .ARM.Collect$$rtexit$$00000000  c_w.l(rtexit.o)
    0x00000186   0x00000186   0x00000000   Code   RO          858    .ARM.Collect$$rtexit$$00000002  c_w.l(rtexit2.o)
    0x00000186   0x00000186   0x00000004   Code   RO          859    .ARM.Collect$$rtexit$$00000003  c_w.l(rtexit2.o)
    0x0000018a   0x0000018a   0x00000006   Code   RO          860    .ARM.Collect$$rtexit$$00000004  c_w.l(rtexit2.o)
    0x00000190   0x00000190   0x0000003c   Code   RO          635    .text               startup_lpc17xx.o
    0x000001cc   0x000001cc   0x00000028   Code   RO          683    .text               c_w.l(noretval__2sprintf.o)
    0x000001f4   0x000001f4   0x00000068   Code   RO          685    .text               c_w.l(__printf.o)
    0x0000025c   0x0000025c   0x00000078   Code   RO          687    .text               c_w.l(_printf_dec.o)
    0x000002d4   0x000002d4   0x00000006   Code   RO          715    .text               c_w.l(heapauxi.o)
    0x000002da   0x000002da   0x0000000a   Code   RO          756    .text               c_w.l(_sputc.o)
    0x000002e4   0x000002e4   0x00000012   Code   RO          787    .text               c_w.l(exit.o)
    0x000002f6   0x000002f6   0x00000002   Code   RO          874    .text               c_w.l(use_no_semi.o)
    0x000002f8   0x000002f8   0x00000000   Code   RO          876    .text               c_w.l(indicate_semi.o)
    0x000002f8   0x000002f8   0x00000000   Code   RO          765    x$fpl$usenofp       fz_ws.l(usenofp.o)
    0x000002f8   0x000002f8   0x00000004   Data   RO          466    .constdata          buttons_open1768.o
    0x000002fc   0x000002fc   0x00000004   Code   RO          634    .ARM.__at_0x02FC    startup_lpc17xx.o
    0x00000300   0x00000300   0x0000008a   Code   RO          711    .text               c_w.l(rt_memcpy_v6.o)
    0x0000038a   0x0000038a   0x00000064   Code   RO          713    .text               c_w.l(rt_memcpy_w.o)
    0x000003ee   0x000003ee   0x000000b2   Code   RO          752    .text               c_w.l(_printf_intcommon.o)
    0x000004a0   0x000004a0   0x00000030   Code   RO          754    .text               c_w.l(_printf_char_common.o)
    0x000004d0   0x000004d0   0x0000004a   Code   RO          785    .text               c_w.l(sys_stackheap_outer.o)
    0x0000051a   0x0000051a   0x00000002   PAD
    0x0000051c   0x0000051c   0x00000008   Code   RO          799    .text               c_w.l(libspace.o)
    0x00000524   0x00000524   0x0000000c   Code   RO          855    .text               c_w.l(sys_exit.o)
    0x00000530   0x00000530   0x00000048   Code   RO          464    i.Buttons_Initialize  buttons_open1768.o
    0x00000578   0x00000578   0x00000020   Code   RO          544    i.GPIO_PinRead      gpio_lpc17xx.o
    0x00000598   0x00000598   0x0000002c   Code   RO          546    i.GPIO_PortClock    gpio_lpc17xx.o
    0x000005c4   0x000005c4   0x00000038   Code   RO          549    i.GPIO_SetDir       gpio_lpc17xx.o
    0x000005fc   0x000005fc   0x0000002c   Code   RO          380    i.GetASCIICode      asciilib.o
    0x00000628   0x00000628   0x000003f4   Code   RO            4    i.I2C0_IRQHandler   main.o
    0x00000a1c   0x00000a1c   0x0000002c   Code   RO            5    i.I2C_enable        main.o
    0x00000a48   0x00000a48   0x00000044   Code   RO            6    i.I2C_transmit      main.o
    0x00000a8c   0x00000a8c   0x0000005c   Code   RO          506    i.Joystick_GetState  joystick_open1768.o
    0x00000ae8   0x00000ae8   0x00000048   Code   RO          507    i.Joystick_Initialize  joystick_open1768.o
    0x00000b30   0x00000b30   0x000000fc   Code   RO          598    i.PIN_Configure     pin_lpc17xx.o
    0x00000c2c   0x00000c2c   0x0000000c   Code   RO            7    i.RTC_IRQHandler    main.o
    0x00000c38   0x00000c38   0x00000010   Code   RO            8    i.SysTick_Handler   main.o
    0x00000c48   0x00000c48   0x00000140   Code   RO          645    i.SystemInit        system_lpc17xx.o
    0x00000d88   0x00000d88   0x0000001a   Code   RO            9    i.__NVIC_EnableIRQ  main.o
    0x00000da2   0x00000da2   0x00000002   PAD
    0x00000da4   0x00000da4   0x000000a4   Code   RO           10    i.accelerometr_enable  main.o
    0x00000e48   0x00000e48   0x000000d8   Code   RO           11    i.accelerometr_read  main.o
    0x00000f20   0x00000f20   0x00000038   Code   RO           13    i.bubbleSort8       main.o
    0x00000f58   0x00000f58   0x00000018   Code   RO           14    i.configureRTC      main.o
    0x00000f70   0x00000f70   0x00000040   Code   RO           15    i.configureUART0    main.o
    0x00000fb0   0x00000fb0   0x00000024   Code   RO           16    i.delayMS           main.o
    0x00000fd4   0x00000fd4   0x0000001e   Code   RO          353    i.delay_ms          lcd_ili9325.o
    0x00000ff2   0x00000ff2   0x00000002   PAD
    0x00000ff4   0x00000ff4   0x00000044   Code   RO           17    i.drawCubeFromCenter  main.o
    0x00001038   0x00001038   0x00000100   Code   RO           18    i.drawGUI           main.o
    0x00001138   0x00001138   0x00000058   Code   RO           19    i.drawLetter        main.o
    0x00001190   0x00001190   0x00000048   Code   RO           20    i.drawLine          main.o
    0x000011d8   0x000011d8   0x00000058   Code   RO           21    i.drawString        main.o
    0x00001230   0x00001230   0x000000bc   Code   RO           22    i.gameOver          main.o
    0x000012ec   0x000012ec   0x00000154   Code   RO           23    i.generateFood      main.o
    0x00001440   0x00001440   0x000001d4   Code   RO          354    i.init_ILI9325      lcd_ili9325.o
    0x00001614   0x00001614   0x00000038   Code   RO           24    i.lcdCleanBackground  main.o
    0x0000164c   0x0000164c   0x00000028   Code   RO          266    i.lcdConfiguration  open1768_lcd.o
    0x00001674   0x00001674   0x0000002c   Code   RO          270    i.lcdSend           open1768_lcd.o
    0x000016a0   0x000016a0   0x00000038   Code   RO          272    i.lcdWriteData      open1768_lcd.o
    0x000016d8   0x000016d8   0x00000040   Code   RO          273    i.lcdWriteIndex     open1768_lcd.o
    0x00001718   0x00001718   0x00000014   Code   RO          274    i.lcdWriteReg       open1768_lcd.o
    0x0000172c   0x0000172c   0x0000018c   Code   RO           25    i.main              main.o
    0x000018b8   0x000018b8   0x00000040   Code   RO           26    i.playGame          main.o
    0x000018f8   0x000018f8   0x000000b0   Code   RO           27    i.printScore        main.o
    0x000019a8   0x000019a8   0x0000014c   Code   RO           28    i.printScoresBoard  main.o
    0x00001af4   0x00001af4   0x000000b4   Code   RO           29    i.readBestScores    main.o
    0x00001ba8   0x00001ba8   0x00000028   Code   RO           31    i.sendString        main.o
    0x00001bd0   0x00001bd0   0x00000124   Code   RO           32    i.updateDirection   main.o
    0x00001cf4   0x00001cf4   0x00000260   Code   RO           33    i.updatePosition    main.o
    0x00001f54   0x00001f54   0x00000012   Code   RO          332    i.wait_delay        open1768_lcd.o
    0x00001f66   0x00001f66   0x00000002   PAD
    0x00001f68   0x00001f68   0x00000110   Code   RO           34    i.writeBestScores   main.o
    0x00002078   0x00002078   0x000002b0   Code   RO          720    x$fpl$ddiv          fz_ws.l(ddiv.o)
    0x00002328   0x00002328   0x0000005e   Code   RO          723    x$fpl$dfix          fz_ws.l(dfix.o)
    0x00002386   0x00002386   0x00000002   PAD
    0x00002388   0x00002388   0x0000005a   Code   RO          727    x$fpl$dfixu         fz_ws.l(dfixu.o)
    0x000023e2   0x000023e2   0x00000026   Code   RO          731    x$fpl$dfltu         fz_ws.l(dflt_clz.o)
    0x00002408   0x00002408   0x00000154   Code   RO          737    x$fpl$dmul          fz_ws.l(dmul.o)
    0x0000255c   0x0000255c   0x0000009c   Code   RO          759    x$fpl$dnaninf       fz_ws.l(dnaninf.o)
    0x000025f8   0x000025f8   0x0000000c   Code   RO          761    x$fpl$dretinf       fz_ws.l(dretinf.o)
    0x00002604   0x00002604   0x00000056   Code   RO          739    x$fpl$f2d           fz_ws.l(f2d.o)
    0x0000265a   0x0000265a   0x00000002   PAD
    0x0000265c   0x0000265c   0x00000026   Code   RO          741    x$fpl$ffltu         fz_ws.l(fflt_clz.o)
    0x00002682   0x00002682   0x0000008c   Code   RO          763    x$fpl$fnaninf       fz_ws.l(fnaninf.o)
    0x0000270e   0x0000270e   0x00000002   PAD
    0x00002710   0x00002710   0x00000027   Data   RO           36    .constdata          main.o
    0x00002737   0x00002737   0x00000be0   Data   RO          381    .constdata          asciilib.o
    0x00003317   0x00003317   0x0000000a   Data   RO          509    .constdata          joystick_open1768.o
    0x00003321   0x00003321   0x00000003   PAD
    0x00003324   0x00003324   0x00000030   Data   RO          926    Region$$Table       anon$$obj.o


    Execution Region RW_IRAM1 (Exec base: 0x10000000, Load base: 0x00003354, Size: 0x00000490, Max: 0x00008000, ABSOLUTE, COMPRESSED[0x00000024])

    Exec Addr    Load Addr    Size         Type   Attr      Idx    E Section Name        Object

    0x10000000   COMPRESSED   0x00000428   Data   RW           37    .data               main.o
    0x10000428   COMPRESSED   0x00000004   Data   RW          646    .data               system_lpc17xx.o
    0x1000042c        -       0x00000060   Zero   RW          800    .bss                c_w.l(libspace.o)
    0x1000048c   COMPRESSED   0x00000004   PAD
    0x10000490        -       0x00000000   Zero   RW          632    HEAP                startup_lpc17xx.o


    Execution Region RW_IRAM2 (Exec base: 0x2007c000, Load base: 0x00003378, Size: 0x00000550, Max: 0x00008000, ABSOLUTE)

    Exec Addr    Load Addr    Size         Type   Attr      Idx    E Section Name        Object

    0x2007c000        -       0x0000034c   Zero   RW           35    .bss                main.o
    0x2007c34c   0x00003378   0x00000004   PAD
    0x2007c350        -       0x00000200   Zero   RW          631    STACK               startup_lpc17xx.o


==============================================================================

Image component sizes


      Code (inc. data)   RO Data    RW Data    ZI Data      Debug   Object Name

        44          4       3040          0          0       1119   asciilib.o
        72          4          4          0          0       1549   buttons_open1768.o
       132         14          0          0          0       1694   gpio_lpc17xx.o
       164          8         10          0          0       2202   joystick_open1768.o
       498          0          0          0          0       1070   lcd_ili9325.o
         0          0          0          0          0        884   led_open1768.o
      5254        804         39       1064        844      66791   main.o
       242         18          0          0          0       2999   open1768_lcd.o
       252          6          0          0          0        804   pin_lpc17xx.o
        64         26        204          0        512        988   startup_lpc17xx.o
       320         18          0          4          0        795   system_lpc17xx.o

    ----------------------------------------------------------------------
      7048        902       3348       1068       1360      80895   Object Totals
         0          0         48          0          0          0   (incl. Generated)
         6          0          3          0          4          0   (incl. Padding)

    ----------------------------------------------------------------------

      Code (inc. data)   RO Data    RW Data    ZI Data      Debug   Library Member Name

        58          0          0          0          0          0   __dczerorl.o
         8          0          0          0          0         68   __main.o
       104          0          0          0          0         84   __printf.o
         0          0          0          0          0          0   __rtentry.o
        12          0          0          0          0          0   __rtentry2.o
         6          0          0          0          0          0   __rtentry4.o
        52          8          0          0          0          0   __scatter.o
        28          0          0          0          0          0   __scatter_zi.o
        48          6          0          0          0         96   _printf_char_common.o
         6          0          0          0          0          0   _printf_d.o
       120         16          0          0          0         92   _printf_dec.o
       178          0          0          0          0         88   _printf_intcommon.o
         0          0          0          0          0          0   _printf_percent.o
         4          0          0          0          0          0   _printf_percent_end.o
        10          0          0          0          0         68   _sputc.o
        18          0          0          0          0         80   exit.o
         6          0          0          0          0        152   heapauxi.o
         0          0          0          0          0          0   indicate_semi.o
         2          0          0          0          0          0   libinit.o
         2          0          0          0          0          0   libinit2.o
         2          0          0          0          0          0   libshutdown.o
         2          0          0          0          0          0   libshutdown2.o
         8          4          0          0         96         68   libspace.o
        40          6          0          0          0         84   noretval__2sprintf.o
       138          0          0          0          0         68   rt_memcpy_v6.o
       100          0          0          0          0         80   rt_memcpy_w.o
         2          0          0          0          0          0   rtexit.o
        10          0          0          0          0          0   rtexit2.o
        12          4          0          0          0         68   sys_exit.o
        74          0          0          0          0         80   sys_stackheap_outer.o
         2          0          0          0          0         68   use_no_semi.o
       688        140          0          0          0        208   ddiv.o
        94          4          0          0          0         92   dfix.o
        90          4          0          0          0         92   dfixu.o
        38          0          0          0          0         68   dflt_clz.o
       340         12          0          0          0        104   dmul.o
       156          4          0          0          0         92   dnaninf.o
        12          0          0          0          0         68   dretinf.o
        86          4          0          0          0         84   f2d.o
        38          0          0          0          0         68   fflt_clz.o
       140          4          0          0          0         84   fnaninf.o
         0          0          0          0          0          0   usenofp.o

    ----------------------------------------------------------------------
      2744        216          0          0        100       2204   Library Totals
        10          0          0          0          4          0   (incl. Padding)

    ----------------------------------------------------------------------

      Code (inc. data)   RO Data    RW Data    ZI Data      Debug   Library Name

      1052         44          0          0         96       1244   c_w.l
      1682        172          0          0          0        960   fz_ws.l

    ----------------------------------------------------------------------
      2744        216          0          0        100       2204   Library Totals

    ----------------------------------------------------------------------

==============================================================================


      Code (inc. data)   RO Data    RW Data    ZI Data      Debug   

      9792       1118       3348       1068       1460      79767   Grand Totals
      9792       1118       3348         36       1460      79767   ELF Image Totals (compressed)
      9792       1118       3348         36          0          0   ROM Totals

==============================================================================

    Total RO  Size (Code + RO Data)                13140 (  12.83kB)
    Total RW  Size (RW Data + ZI Data)              2528 (   2.47kB)
    Total ROM Size (Code + RO Data + RW Data)      13176 (  12.87kB)

==============================================================================

